Archive member included because of file (symbol)

c:/program files (x86)/embitz/0.42/share/em_armgcc/bin/../lib/gcc/arm-none-eabi/4.8.4/../../../../arm-none-eabi/lib/armv7-m\libg_n.a(lib_a-exit.o)
                              c:/program files (x86)/embitz/0.42/share/em_armgcc/bin/../lib/gcc/arm-none-eabi/4.8.4/../../../../arm-none-eabi/lib/armv7-m/crt0.o (exit)
c:/program files (x86)/embitz/0.42/share/em_armgcc/bin/../lib/gcc/arm-none-eabi/4.8.4/../../../../arm-none-eabi/lib/armv7-m\libg_n.a(lib_a-impure.o)
                              c:/program files (x86)/embitz/0.42/share/em_armgcc/bin/../lib/gcc/arm-none-eabi/4.8.4/../../../../arm-none-eabi/lib/armv7-m\libg_n.a(lib_a-exit.o) (_global_impure_ptr)
c:/program files (x86)/embitz/0.42/share/em_armgcc/bin/../lib/gcc/arm-none-eabi/4.8.4/../../../../arm-none-eabi/lib/armv7-m\libg_n.a(lib_a-init.o)
                              c:/program files (x86)/embitz/0.42/share/em_armgcc/bin/../lib/gcc/arm-none-eabi/4.8.4/../../../../arm-none-eabi/lib/armv7-m/crt0.o (__libc_init_array)
c:/program files (x86)/embitz/0.42/share/em_armgcc/bin/../lib/gcc/arm-none-eabi/4.8.4/../../../../arm-none-eabi/lib/armv7-m\libg_n.a(lib_a-memset.o)
                              c:/program files (x86)/embitz/0.42/share/em_armgcc/bin/../lib/gcc/arm-none-eabi/4.8.4/../../../../arm-none-eabi/lib/armv7-m/crt0.o (memset)
c:/program files (x86)/embitz/0.42/share/em_armgcc/bin/../lib/gcc/arm-none-eabi/4.8.4/../../../../arm-none-eabi/lib/armv7-m\libnosys_s.a(_exit.o)
                              c:/program files (x86)/embitz/0.42/share/em_armgcc/bin/../lib/gcc/arm-none-eabi/4.8.4/../../../../arm-none-eabi/lib/armv7-m\libg_n.a(lib_a-exit.o) (_exit)

Allocating common symbols
Common symbol       size              file

dataIn              0x20              obj\debug\src\main.o
dataOut             0x20              obj\debug\src\main.o

Discarded input sections

 .text          0x00000000        0x0 c:/program files (x86)/embitz/0.42/share/em_armgcc/bin/../lib/gcc/arm-none-eabi/4.8.4/armv7-m/crti.o
 .data          0x00000000        0x0 c:/program files (x86)/embitz/0.42/share/em_armgcc/bin/../lib/gcc/arm-none-eabi/4.8.4/armv7-m/crti.o
 .bss           0x00000000        0x0 c:/program files (x86)/embitz/0.42/share/em_armgcc/bin/../lib/gcc/arm-none-eabi/4.8.4/armv7-m/crti.o
 .data          0x00000000        0x4 c:/program files (x86)/embitz/0.42/share/em_armgcc/bin/../lib/gcc/arm-none-eabi/4.8.4/armv7-m/crtbegin.o
 .data          0x00000000        0x0 c:/program files (x86)/embitz/0.42/share/em_armgcc/bin/../lib/gcc/arm-none-eabi/4.8.4/../../../../arm-none-eabi/lib/armv7-m/crt0.o
 .bss           0x00000000        0x0 c:/program files (x86)/embitz/0.42/share/em_armgcc/bin/../lib/gcc/arm-none-eabi/4.8.4/../../../../arm-none-eabi/lib/armv7-m/crt0.o
 .ARM.extab     0x00000000        0x0 c:/program files (x86)/embitz/0.42/share/em_armgcc/bin/../lib/gcc/arm-none-eabi/4.8.4/../../../../arm-none-eabi/lib/armv7-m/crt0.o
 .group         0x00000000        0x8 obj\debug\spl\src\misc.o
 .group         0x00000000        0x8 obj\debug\spl\src\misc.o
 .group         0x00000000        0x8 obj\debug\spl\src\misc.o
 .group         0x00000000        0x8 obj\debug\spl\src\misc.o
 .group         0x00000000        0x8 obj\debug\spl\src\misc.o
 .group         0x00000000        0x8 obj\debug\spl\src\misc.o
 .group         0x00000000        0x8 obj\debug\spl\src\misc.o
 .group         0x00000000        0x8 obj\debug\spl\src\misc.o
 .group         0x00000000        0x8 obj\debug\spl\src\misc.o
 .group         0x00000000        0x8 obj\debug\spl\src\misc.o
 .group         0x00000000        0x8 obj\debug\spl\src\misc.o
 .group         0x00000000        0x8 obj\debug\spl\src\misc.o
 .group         0x00000000        0x8 obj\debug\spl\src\misc.o
 .group         0x00000000        0x8 obj\debug\spl\src\misc.o
 .group         0x00000000        0x8 obj\debug\spl\src\misc.o
 .group         0x00000000        0x8 obj\debug\spl\src\misc.o
 .group         0x00000000        0x8 obj\debug\spl\src\misc.o
 .group         0x00000000        0x8 obj\debug\spl\src\misc.o
 .group         0x00000000        0x8 obj\debug\spl\src\misc.o
 .group         0x00000000        0x8 obj\debug\spl\src\misc.o
 .group         0x00000000        0x8 obj\debug\spl\src\misc.o
 .group         0x00000000        0x8 obj\debug\spl\src\misc.o
 .group         0x00000000        0x8 obj\debug\spl\src\misc.o
 .group         0x00000000        0x8 obj\debug\spl\src\misc.o
 .group         0x00000000        0x8 obj\debug\spl\src\misc.o
 .group         0x00000000        0x8 obj\debug\spl\src\misc.o
 .group         0x00000000        0x8 obj\debug\spl\src\misc.o
 .group         0x00000000        0x8 obj\debug\spl\src\misc.o
 .group         0x00000000        0x8 obj\debug\spl\src\misc.o
 .group         0x00000000        0x8 obj\debug\spl\src\misc.o
 .group         0x00000000        0x8 obj\debug\spl\src\misc.o
 .group         0x00000000        0x8 obj\debug\spl\src\misc.o
[...]
Memory Configuration

Name             Origin             Length             Attributes
ROM              0x08000000         0x00010000         xr
RAM              0x20000000         0x00005000         xrw
*default*        0x00000000         0xffffffff

Linker script and memory map

LOAD c:/program files (x86)/embitz/0.42/share/em_armgcc/bin/../lib/gcc/arm-none-eabi/4.8.4/armv7-m/crti.o
LOAD c:/program files (x86)/embitz/0.42/share/em_armgcc/bin/../lib/gcc/arm-none-eabi/4.8.4/armv7-m/crtbegin.o
LOAD c:/program files (x86)/embitz/0.42/share/em_armgcc/bin/../lib/gcc/arm-none-eabi/4.8.4/../../../../arm-none-eabi/lib/armv7-m/crt0.o
                0x00000000                __HEAP_SIZE = 0x0
                0x00000100                __STACK_SIZE = 0x100

.text           0x08000000     0x118c
 *(.isr_vector)
 .isr_vector    0x08000000       0xec obj\debug\src\startup_stm32f10x_md.o
                0x08000000                __isr_vector
 *(.text*)
 .text          0x080000ec       0x54 c:/program files (x86)/embitz/0.42/share/em_armgcc/bin/../lib/gcc/arm-none-eabi/4.8.4/armv7-m/crtbegin.o
 .text          0x08000140       0x74 c:/program files (x86)/embitz/0.42/share/em_armgcc/bin/../lib/gcc/arm-none-eabi/4.8.4/../../../../arm-none-eabi/lib/armv7-m/crt0.o
                0x08000140                _start
                0x08000140                _mainCRTStartup
 .text.GPIO_Init
                0x080001b4      0x178 obj\debug\spl\src\stm32f10x_gpio.o
                0x080001b4                GPIO_Init
 .text.GPIO_SetBits
                0x0800032c       0x1c obj\debug\spl\src\stm32f10x_gpio.o
                0x0800032c                GPIO_SetBits
 .text.GPIO_ResetBits
                0x08000348       0x1c obj\debug\spl\src\stm32f10x_gpio.o
                0x08000348                GPIO_ResetBits
 .text.GPIO_PinRemapConfig
                0x08000364       0xe0 obj\debug\spl\src\stm32f10x_gpio.o
                0x08000364                GPIO_PinRemapConfig
 .text.RCC_APB2PeriphClockCmd
                0x08000444       0x3c obj\debug\spl\src\stm32f10x_rcc.o
                0x08000444                RCC_APB2PeriphClockCmd
 .text.SPI_Init
                0x08000480       0x88 obj\debug\spl\src\stm32f10x_spi.o
                0x08000480                SPI_Init
 .text.SPI_Cmd  0x08000508       0x40 obj\debug\spl\src\stm32f10x_spi.o
                0x08000508                SPI_Cmd
 .text.SPI_NSSInternalSoftwareConfig
                0x08000548       0x44 obj\debug\spl\src\stm32f10x_spi.o
                0x08000548                SPI_NSSInternalSoftwareConfig
 .text.SPI_I2S_GetFlagStatus
                0x0800058c       0x38 obj\debug\spl\src\stm32f10x_spi.o
                0x0800058c                SPI_I2S_GetFlagStatus
 .text.InitLED  0x080005c4       0x30 obj\debug\src\led.o
                0x080005c4                InitLED
 .text.RefreshLEDState
                0x080005f4       0x7c obj\debug\src\led.o
                0x080005f4                RefreshLEDState
 .text.main     0x08000670       0x5c obj\debug\src\main.o
                0x08000670                main
 .text.SPI_RCC_Configuration
                0x080006cc       0x20 obj\debug\src\spi.o
                0x080006cc                SPI_RCC_Configuration
 .text.SPI_GPIO_Configuration
                0x080006ec       0x70 obj\debug\src\spi.o
                0x080006ec                SPI_GPIO_Configuration
 .text.SPI_Initialize
                0x0800075c       0x5c obj\debug\src\spi.o
                0x0800075c                SPI_Initialize
 .text.TM_SPI_Send
                0x080007b8       0x68 obj\debug\src\spi.o
                0x080007b8                TM_SPI_Send
 .text.TM_SPI_WriteMulti
                0x08000820       0x74 obj\debug\src\spi.o
                0x08000820                TM_SPI_WriteMulti
 .text.TM_SPI_SendMulti
                0x08000894       0x80 obj\debug\src\spi.o
                0x08000894                TM_SPI_SendMulti
 .text          0x08000914       0xb8 obj\debug\src\startup_stm32f10x_md.o
                0x08000914                Reset_Handler
                0x0800095a                NMI_Handler
                0x0800095c                HardFault_Handler
                0x0800095e                MemManage_Handler
                0x08000960                BusFault_Handler
                0x08000962                UsageFault_Handler
                0x08000964                SVC_Handler
                0x08000966                DebugMon_Handler
                0x08000968                PendSV_Handler
                0x0800096a                SysTick_Handler
                0x0800096c                Default_Handler
                0x0800096e                WWDG_IRQHandler
                0x08000970                PVD_IRQHandler
                0x08000972                TAMPER_IRQHandler
                0x08000974                RTC_IRQHandler
                0x08000976                FLASH_IRQHandler
                0x08000978                RCC_IRQHandler
                0x0800097a                EXTI0_IRQHandler
                0x0800097c                EXTI1_IRQHandler
                0x0800097e                EXTI2_IRQHandler
                0x08000980                EXTI3_IRQHandler
                0x08000982                EXTI4_IRQHandler
                0x08000984                DMA1_Channel1_IRQHandler
                0x08000986                DMA1_Channel2_IRQHandler
                0x08000988                DMA1_Channel3_IRQHandler
                0x0800098a                DMA1_Channel4_IRQHandler
                0x0800098c                DMA1_Channel5_IRQHandler
                0x0800098e                DMA1_Channel6_IRQHandler
                0x08000990                DMA1_Channel7_IRQHandler
                0x08000992                ADC1_2_IRQHandler
                0x08000994                USB_HP_CAN1_TX_IRQHandler
                0x08000996                USB_LP_CAN1_RX0_IRQHandler
                0x08000998                CAN1_RX1_IRQHandler
                0x0800099a                CAN1_SCE_IRQHandler
                0x0800099c                EXTI9_5_IRQHandler
                0x0800099e                TIM1_BRK_IRQHandler
                0x080009a0                TIM1_UP_IRQHandler
                0x080009a2                TIM1_TRG_COM_IRQHandler
                0x080009a4                TIM1_CC_IRQHandler
                0x080009a6                TIM2_IRQHandler
                0x080009a8                TIM3_IRQHandler
                0x080009aa                TIM4_IRQHandler
                0x080009ac                I2C1_EV_IRQHandler
                0x080009ae                I2C1_ER_IRQHandler
                0x080009b0                I2C2_EV_IRQHandler
                0x080009b2                I2C2_ER_IRQHandler
                0x080009b4                SPI1_IRQHandler
                0x080009b6                SPI2_IRQHandler
                0x080009b8                USART1_IRQHandler
                0x080009ba                USART2_IRQHandler
                0x080009bc                USART3_IRQHandler
                0x080009be                EXTI15_10_IRQHandler
                0x080009c0                RTCAlarm_IRQHandler
                0x080009c2                USBWakeUp_IRQHandler
 .text.SystemInit
                0x080009cc       0x68 obj\debug\src\system_stm32f10x.o
                0x080009cc                SystemInit
 .text.SetSysClock
                0x08000a34        0xc obj\debug\src\system_stm32f10x.o
 .text.SetSysClockTo72
                0x08000a40      0x100 obj\debug\src\system_stm32f10x.o
 .text.NRF24L01_FLUSH_TX
                0x08000b40       0x2c obj\debug\src\tm_stm32_nrf24l01.o
                0x08000b40                NRF24L01_FLUSH_TX
 .text.NRF24L01_FLUSH_RX
                0x08000b6c       0x2c obj\debug\src\tm_stm32_nrf24l01.o
                0x08000b6c                NRF24L01_FLUSH_RX
 .text.TM_NRF24L01_InitPins
                0x08000b98       0x38 obj\debug\src\tm_stm32_nrf24l01.o
                0x08000b98                TM_NRF24L01_InitPins
 .text.TM_NRF24L01_Init
                0x08000bd0       0xfc obj\debug\src\tm_stm32_nrf24l01.o
                0x08000bd0                TM_NRF24L01_Init
 .text.TM_NRF24L01_SetMyAddress
                0x08000ccc       0x2c obj\debug\src\tm_stm32_nrf24l01.o
                0x08000ccc                TM_NRF24L01_SetMyAddress
 .text.TM_NRF24L01_SetTxAddress
                0x08000cf8       0x24 obj\debug\src\tm_stm32_nrf24l01.o
                0x08000cf8                TM_NRF24L01_SetTxAddress
 .text.TM_NRF24L01_ReadRegister
                0x08000d1c       0x4c obj\debug\src\tm_stm32_nrf24l01.o
                0x08000d1c                TM_NRF24L01_ReadRegister
 .text.TM_NRF24L01_WriteRegister
                0x08000d68       0x4c obj\debug\src\tm_stm32_nrf24l01.o
                0x08000d68                TM_NRF24L01_WriteRegister
 .text.TM_NRF24L01_WriteRegisterMulti
                0x08000db4       0x50 obj\debug\src\tm_stm32_nrf24l01.o
                0x08000db4                TM_NRF24L01_WriteRegisterMulti
 .text.TM_NRF24L01_PowerUpRx
                0x08000e04       0x34 obj\debug\src\tm_stm32_nrf24l01.o
                0x08000e04                TM_NRF24L01_PowerUpRx
 .text.TM_NRF24L01_GetData
                0x08000e38       0x48 obj\debug\src\tm_stm32_nrf24l01.o
                0x08000e38                TM_NRF24L01_GetData
 .text.TM_NRF24L01_DataReady
                0x08000e80       0x34 obj\debug\src\tm_stm32_nrf24l01.o
                0x08000e80                TM_NRF24L01_DataReady
 .text.TM_NRF24L01_RxFifoEmpty
                0x08000eb4       0x20 obj\debug\src\tm_stm32_nrf24l01.o
                0x08000eb4                TM_NRF24L01_RxFifoEmpty
 .text.TM_NRF24L01_GetStatus
                0x08000ed4       0x34 obj\debug\src\tm_stm32_nrf24l01.o
                0x08000ed4                TM_NRF24L01_GetStatus
 .text.TM_NRF24L01_SoftwareReset
                0x08000f08      0x124 obj\debug\src\tm_stm32_nrf24l01.o
                0x08000f08                TM_NRF24L01_SoftwareReset
 .text.TM_NRF24L01_SetChannel
                0x0800102c       0x34 obj\debug\src\tm_stm32_nrf24l01.o
                0x0800102c                TM_NRF24L01_SetChannel
 .text.TM_NRF24L01_SetRF
                0x08001060       0x80 obj\debug\src\tm_stm32_nrf24l01.o
                0x08001060                TM_NRF24L01_SetRF
 .text.exit     0x080010e0       0x28 c:/program files (x86)/embitz/0.42/share/em_armgcc/bin/../lib/gcc/arm-none-eabi/4.8.4/../../../../arm-none-eabi/lib/armv7-m\libg_n.a(lib_a-exit.o)
                0x080010e0                exit
 .text.__libc_init_array
                0x08001108       0x4c c:/program files (x86)/embitz/0.42/share/em_armgcc/bin/../lib/gcc/arm-none-eabi/4.8.4/../../../../arm-none-eabi/lib/armv7-m\libg_n.a(lib_a-init.o)
                0x08001108                __libc_init_array
 .text.memset   0x08001154       0x10 c:/program files (x86)/embitz/0.42/share/em_armgcc/bin/../lib/gcc/arm-none-eabi/4.8.4/../../../../arm-none-eabi/lib/armv7-m\libg_n.a(lib_a-memset.o)
                0x08001154                memset
 .text          0x08001164        0x2 c:/program files (x86)/embitz/0.42/share/em_armgcc/bin/../lib/gcc/arm-none-eabi/4.8.4/../../../../arm-none-eabi/lib/armv7-m\libnosys_s.a(_exit.o)
                0x08001164                _exit
 *(.init)
 *fill*         0x08001166        0x2 
 .init          0x08001168        0x4 c:/program files (x86)/embitz/0.42/share/em_armgcc/bin/../lib/gcc/arm-none-eabi/4.8.4/armv7-m/crti.o
                0x08001168                _init
 .init          0x0800116c        0x8 c:/program files (x86)/embitz/0.42/share/em_armgcc/bin/../lib/gcc/arm-none-eabi/4.8.4/armv7-m/crtn.o
 *(.fini)
 .fini          0x08001174        0x4 c:/program files (x86)/embitz/0.42/share/em_armgcc/bin/../lib/gcc/arm-none-eabi/4.8.4/armv7-m/crti.o
                0x08001174                _fini
 .fini          0x08001178        0x8 c:/program files (x86)/embitz/0.42/share/em_armgcc/bin/../lib/gcc/arm-none-eabi/4.8.4/armv7-m/crtn.o
 *crtbegin.o(.ctors)
 *crtbegin?.o(.ctors)
 *(EXCLUDE_FILE(*crtend.o *crtend?.o) .ctors)
 *(SORT(.ctors.*))
 *(.ctors)
 *crtbegin.o(.dtors)
 *crtbegin?.o(.dtors)
 *(EXCLUDE_FILE(*crtend.o *crtend?.o) .dtors)
 *(SORT(.dtors.*))
 *(.dtors)
 *(.rodata*)
 .rodata.str1.1
                0x08001180        0x2 c:/program files (x86)/embitz/0.42/share/em_armgcc/bin/../lib/gcc/arm-none-eabi/4.8.4/../../../../arm-none-eabi/lib/armv7-m\libg_n.a(lib_a-impure.o)
 *fill*         0x08001182        0x2 
 .rodata._global_impure_ptr
                0x08001184        0x4 c:/program files (x86)/embitz/0.42/share/em_armgcc/bin/../lib/gcc/arm-none-eabi/4.8.4/../../../../arm-none-eabi/lib/armv7-m\libg_n.a(lib_a-impure.o)
                0x08001184                _global_impure_ptr
 *(.eh_frame*)
 .eh_frame      0x08001188        0x0 c:/program files (x86)/embitz/0.42/share/em_armgcc/bin/../lib/gcc/arm-none-eabi/4.8.4/armv7-m/crtbegin.o
 .eh_frame      0x08001188        0x4 c:/program files (x86)/embitz/0.42/share/em_armgcc/bin/../lib/gcc/arm-none-eabi/4.8.4/armv7-m/crtend.o

.glue_7         0x0800118c        0x0
 .glue_7        0x00000000        0x0 linker stubs

.glue_7t        0x0800118c        0x0
 .glue_7t       0x00000000        0x0 linker stubs

.vfp11_veneer   0x0800118c        0x0
 .vfp11_veneer  0x00000000        0x0 linker stubs

.v4_bx          0x0800118c        0x0
 .v4_bx         0x00000000        0x0 linker stubs

.iplt           0x0800118c        0x0
 .iplt          0x00000000        0x0 c:/program files (x86)/embitz/0.42/share/em_armgcc/bin/../lib/gcc/arm-none-eabi/4.8.4/armv7-m/crtbegin.o

.ARM.extab
 *(.ARM.extab* .gnu.linkonce.armextab.*)
                0x0800118c                __exidx_start = .

.ARM.exidx      0x0800118c        0x8
 *(.ARM.exidx* .gnu.linkonce.armexidx.*)
 .ARM.exidx     0x0800118c        0x8 c:/program files (x86)/embitz/0.42/share/em_armgcc/bin/../lib/gcc/arm-none-eabi/4.8.4/../../../../arm-none-eabi/lib/armv7-m/crt0.o
                0x08001194                __exidx_end = .
                0x08001194                __etext = .

.rel.dyn        0x08001194        0x0
 .rel.iplt      0x00000000        0x0 c:/program files (x86)/embitz/0.42/share/em_armgcc/bin/../lib/gcc/arm-none-eabi/4.8.4/armv7-m/crtbegin.o

.data           0x20000000       0x78 load address 0x08001194
                0x20000000                __data_start__ = .
 *(vtable)
 *(.data*)
 .data.TxAddress
                0x20000000        0x8 obj\debug\src\main.o
                0x20000000                TxAddress
 .data.MyAddress
                0x20000008        0x8 obj\debug\src\main.o
                0x20000008                MyAddress
 .data.impure_data
                0x20000010       0x60 c:/program files (x86)/embitz/0.42/share/em_armgcc/bin/../lib/gcc/arm-none-eabi/4.8.4/../../../../arm-none-eabi/lib/armv7-m\libg_n.a(lib_a-impure.o)
                0x20000070                . = ALIGN (0x4)
                0x20000070                PROVIDE (__preinit_array_start, .)
 *(.preinit_array)
                0x20000070                PROVIDE (__preinit_array_end, .)
                0x20000070                . = ALIGN (0x4)
                0x20000070                PROVIDE (__init_array_start, .)
 *(SORT(.init_array.*))
 *(.init_array)
 .init_array    0x20000070        0x4 c:/program files (x86)/embitz/0.42/share/em_armgcc/bin/../lib/gcc/arm-none-eabi/4.8.4/armv7-m/crtbegin.o
                0x20000074                PROVIDE (__init_array_end, .)
                0x20000074                . = ALIGN (0x4)
                0x20000074                PROVIDE (__fini_array_start, .)
 *(SORT(.fini_array.*))
 *(.fini_array)
 .fini_array    0x20000074        0x4 c:/program files (x86)/embitz/0.42/share/em_armgcc/bin/../lib/gcc/arm-none-eabi/4.8.4/armv7-m/crtbegin.o
                0x20000078                PROVIDE (__fini_array_end, .)
                0x20000078                . = ALIGN (0x4)
                0x20000078                __data_end__ = .

.jcr            0x20000078        0x0 load address 0x0800120c
 .jcr           0x20000078        0x0 c:/program files (x86)/embitz/0.42/share/em_armgcc/bin/../lib/gcc/arm-none-eabi/4.8.4/armv7-m/crtbegin.o

.igot.plt       0x20000078        0x0 load address 0x0800120c
 .igot.plt      0x00000000        0x0 c:/program files (x86)/embitz/0.42/share/em_armgcc/bin/../lib/gcc/arm-none-eabi/4.8.4/armv7-m/crtbegin.o

.bss            0x20000078       0x64 load address 0x0800120c
                0x20000078                __bss_start__ = .
 *(.bss*)
 .bss           0x20000078       0x1c c:/program files (x86)/embitz/0.42/share/em_armgcc/bin/../lib/gcc/arm-none-eabi/4.8.4/armv7-m/crtbegin.o
 .bss.ledOn.6590
                0x20000094        0x2 obj\debug\src\led.o
 *fill*         0x20000096        0x2 
 .bss.TM_NRF24L01_Struct
                0x20000098        0x4 obj\debug\src\tm_stm32_nrf24l01.o
 *(COMMON)
 COMMON         0x2000009c       0x40 obj\debug\src\main.o
                0x2000009c                dataIn
                0x200000bc                dataOut
                0x200000dc                __bss_end__ = .

.heap           0x200000e0        0x0
                0x200000e0                __end__ = .
                0x200000e0                end = __end__
 *(.heap*)
 .heap          0x200000e0        0x0 obj\debug\src\startup_stm32f10x_md.o
                0x200000e0                __HeapLimit = .

.stack_dummy    0x200000e0      0x100
 *(.stack)
 .stack         0x200000e0      0x100 obj\debug\src\startup_stm32f10x_md.o
                0x20005000                __StackTop = (ORIGIN (RAM) + 0x5000)
                0x20004f00                __StackLimit = (__StackTop - SIZEOF (.stack_dummy))
                0x20005000                PROVIDE (__stack, __StackTop)
                0x00000001                ASSERT ((__StackLimit >= __HeapLimit), region RAM overflowed with stack)
LOAD obj\debug\spl\src\misc.o
LOAD obj\debug\spl\src\stm32f10x_adc.o
LOAD obj\debug\spl\src\stm32f10x_bkp.o
LOAD obj\debug\spl\src\stm32f10x_can.o
LOAD obj\debug\spl\src\stm32f10x_cec.o
LOAD obj\debug\spl\src\stm32f10x_crc.o
LOAD obj\debug\spl\src\stm32f10x_dac.o
LOAD obj\debug\spl\src\stm32f10x_dbgmcu.o
LOAD obj\debug\spl\src\stm32f10x_dma.o
LOAD obj\debug\spl\src\stm32f10x_exti.o
LOAD obj\debug\spl\src\stm32f10x_flash.o
LOAD obj\debug\spl\src\stm32f10x_fsmc.o
LOAD obj\debug\spl\src\stm32f10x_gpio.o
LOAD obj\debug\spl\src\stm32f10x_i2c.o
LOAD obj\debug\spl\src\stm32f10x_iwdg.o
LOAD obj\debug\spl\src\stm32f10x_pwr.o
LOAD obj\debug\spl\src\stm32f10x_rcc.o
LOAD obj\debug\spl\src\stm32f10x_rtc.o
LOAD obj\debug\spl\src\stm32f10x_sdio.o
LOAD obj\debug\spl\src\stm32f10x_spi.o
LOAD obj\debug\spl\src\stm32f10x_tim.o
LOAD obj\debug\spl\src\stm32f10x_usart.o
LOAD obj\debug\spl\src\stm32f10x_wwdg.o
LOAD obj\debug\src\led.o
LOAD obj\debug\src\main.o
LOAD obj\debug\src\spi.o
LOAD obj\debug\src\startup_stm32f10x_md.o
LOAD obj\debug\src\system_stm32f10x.o
LOAD obj\debug\src\tm_stm32_nrf24l01.o
START GROUP
LOAD c:/program files (x86)/embitz/0.42/share/em_armgcc/bin/../lib/gcc/arm-none-eabi/4.8.4/armv7-m\libgcc.a
LOAD c:/program files (x86)/embitz/0.42/share/em_armgcc/bin/../lib/gcc/arm-none-eabi/4.8.4/../../../../arm-none-eabi/lib/armv7-m\libg_n.a
LOAD c:/program files (x86)/embitz/0.42/share/em_armgcc/bin/../lib/gcc/arm-none-eabi/4.8.4/../../../../arm-none-eabi/lib/armv7-m\libc_n.a
END GROUP
START GROUP
LOAD c:/program files (x86)/embitz/0.42/share/em_armgcc/bin/../lib/gcc/arm-none-eabi/4.8.4/armv7-m\libgcc.a
LOAD c:/program files (x86)/embitz/0.42/share/em_armgcc/bin/../lib/gcc/arm-none-eabi/4.8.4/../../../../arm-none-eabi/lib/armv7-m\libc_n.a
LOAD c:/program files (x86)/embitz/0.42/share/em_armgcc/bin/../lib/gcc/arm-none-eabi/4.8.4/../../../../arm-none-eabi/lib/armv7-m\libnosys_s.a
END GROUP
LOAD c:/program files (x86)/embitz/0.42/share/em_armgcc/bin/../lib/gcc/arm-none-eabi/4.8.4/armv7-m/crtend.o
LOAD c:/program files (x86)/embitz/0.42/share/em_armgcc/bin/../lib/gcc/arm-none-eabi/4.8.4/armv7-m/crtn.o
OUTPUT(bin\Debug\NRF.elf elf32-littlearm)

.ARM.attributes
                0x00000000       0x29
 .ARM.attributes
                0x00000000       0x1d c:/program files (x86)/embitz/0.42/share/em_armgcc/bin/../lib/gcc/arm-none-eabi/4.8.4/armv7-m/crti.o
 .ARM.attributes
                0x0000001d       0x2d c:/program files (x86)/embitz/0.42/share/em_armgcc/bin/../lib/gcc/arm-none-eabi/4.8.4/armv7-m/crtbegin.o
 .ARM.attributes
                0x0000004a       0x1b c:/program files (x86)/embitz/0.42/share/em_armgcc/bin/../lib/gcc/arm-none-eabi/4.8.4/../../../../arm-none-eabi/lib/armv7-m/crt0.o
 .ARM.attributes
                0x00000065       0x33 obj\debug\spl\src\stm32f10x_gpio.o
 .ARM.attributes
                0x00000098       0x33 obj\debug\spl\src\stm32f10x_rcc.o
 .ARM.attributes
                0x000000cb       0x33 obj\debug\spl\src\stm32f10x_spi.o
 .ARM.attributes
                0x000000fe       0x33 obj\debug\src\led.o
 .ARM.attributes
                0x00000131       0x33 obj\debug\src\main.o
 .ARM.attributes
                0x00000164       0x33 obj\debug\src\spi.o
 .ARM.attributes
                0x00000197       0x1b obj\debug\src\startup_stm32f10x_md.o
 .ARM.attributes
                0x000001b2       0x33 obj\debug\src\system_stm32f10x.o
 .ARM.attributes
                0x000001e5       0x33 obj\debug\src\tm_stm32_nrf24l01.o
 .ARM.attributes
                0x00000218       0x2d c:/program files (x86)/embitz/0.42/share/em_armgcc/bin/../lib/gcc/arm-none-eabi/4.8.4/../../../../arm-none-eabi/lib/armv7-m\libg_n.a(lib_a-exit.o)
 .ARM.attributes
                0x00000245       0x2d c:/program files (x86)/embitz/0.42/share/em_armgcc/bin/../lib/gcc/arm-none-eabi/4.8.4/../../../../arm-none-eabi/lib/armv7-m\libg_n.a(lib_a-impure.o)
 .ARM.attributes
                0x00000272       0x2d c:/program files (x86)/embitz/0.42/share/em_armgcc/bin/../lib/gcc/arm-none-eabi/4.8.4/../../../../arm-none-eabi/lib/armv7-m\libg_n.a(lib_a-init.o)
 .ARM.attributes
                0x0000029f       0x2d c:/program files (x86)/embitz/0.42/share/em_armgcc/bin/../lib/gcc/arm-none-eabi/4.8.4/../../../../arm-none-eabi/lib/armv7-m\libg_n.a(lib_a-memset.o)
 .ARM.attributes
                0x000002cc       0x2d c:/program files (x86)/embitz/0.42/share/em_armgcc/bin/../lib/gcc/arm-none-eabi/4.8.4/../../../../arm-none-eabi/lib/armv7-m\libnosys_s.a(_exit.o)
 .ARM.attributes
                0x000002f9       0x2d c:/program files (x86)/embitz/0.42/share/em_armgcc/bin/../lib/gcc/arm-none-eabi/4.8.4/armv7-m/crtend.o
 .ARM.attributes
                0x00000326       0x1d c:/program files (x86)/embitz/0.42/share/em_armgcc/bin/../lib/gcc/arm-none-eabi/4.8.4/armv7-m/crtn.o

.comment        0x00000000       0x46
 .comment       0x00000000       0x46 obj\debug\spl\src\stm32f10x_gpio.o
                                 0x47 (size before relaxing)
 .comment       0x00000000       0x47 obj\debug\spl\src\stm32f10x_rcc.o
 .comment       0x00000000       0x47 obj\debug\spl\src\stm32f10x_spi.o
 .comment       0x00000000       0x47 obj\debug\src\led.o
 .comment       0x00000000       0x47 obj\debug\src\main.o
 .comment       0x00000000       0x47 obj\debug\src\spi.o
 .comment       0x00000000       0x47 obj\debug\src\system_stm32f10x.o
 .comment       0x00000000       0x47 obj\debug\src\tm_stm32_nrf24l01.o

.debug_info     0x00000000     0x2fca
 .debug_info    0x00000000      0x6ef obj\debug\spl\src\stm32f10x_gpio.o
 .debug_info    0x000006ef      0x895 obj\debug\spl\src\stm32f10x_rcc.o
 .debug_info    0x00000f84      0x8fb obj\debug\spl\src\stm32f10x_spi.o
 .debug_info    0x0000187f      0x342 obj\debug\src\led.o
 .debug_info    0x00001bc1      0x19e obj\debug\src\main.o
 .debug_info    0x00001d5f      0x52d obj\debug\src\spi.o
 .debug_info    0x0000228c       0x64 obj\debug\src\startup_stm32f10x_md.o
 .debug_info    0x000022f0      0x481 obj\debug\src\system_stm32f10x.o
 .debug_info    0x00002771      0x859 obj\debug\src\tm_stm32_nrf24l01.o

.debug_abbrev   0x00000000      0xbb7
 .debug_abbrev  0x00000000      0x1cd obj\debug\spl\src\stm32f10x_gpio.o
 .debug_abbrev  0x000001cd      0x1bf obj\debug\spl\src\stm32f10x_rcc.o
 .debug_abbrev  0x0000038c      0x183 obj\debug\spl\src\stm32f10x_spi.o
 .debug_abbrev  0x0000050f      0x150 obj\debug\src\led.o
 .debug_abbrev  0x0000065f       0xdd obj\debug\src\main.o
 .debug_abbrev  0x0000073c      0x147 obj\debug\src\spi.o
 .debug_abbrev  0x00000883       0x14 obj\debug\src\startup_stm32f10x_md.o
 .debug_abbrev  0x00000897      0x151 obj\debug\src\system_stm32f10x.o
 .debug_abbrev  0x000009e8      0x1cf obj\debug\src\tm_stm32_nrf24l01.o

.debug_aranges  0x00000000      0x488
 .debug_aranges
                0x00000000       0xa8 obj\debug\spl\src\stm32f10x_gpio.o
 .debug_aranges
                0x000000a8      0x118 obj\debug\spl\src\stm32f10x_rcc.o
 .debug_aranges
                0x000001c0       0xd0 obj\debug\spl\src\stm32f10x_spi.o
 .debug_aranges
                0x00000290       0x48 obj\debug\src\led.o
 .debug_aranges
                0x000002d8       0x28 obj\debug\src\main.o
 .debug_aranges
                0x00000300       0x50 obj\debug\src\spi.o
 .debug_aranges
                0x00000350       0x20 obj\debug\src\startup_stm32f10x_md.o
 .debug_aranges
                0x00000370       0x38 obj\debug\src\system_stm32f10x.o
 .debug_aranges
                0x000003a8       0xe0 obj\debug\src\tm_stm32_nrf24l01.o

.debug_ranges   0x00000000      0x3e8
 .debug_ranges  0x00000000       0x98 obj\debug\spl\src\stm32f10x_gpio.o
 .debug_ranges  0x00000098      0x108 obj\debug\spl\src\stm32f10x_rcc.o
 .debug_ranges  0x000001a0       0xc0 obj\debug\spl\src\stm32f10x_spi.o
 .debug_ranges  0x00000260       0x38 obj\debug\src\led.o
 .debug_ranges  0x00000298       0x18 obj\debug\src\main.o
 .debug_ranges  0x000002b0       0x40 obj\debug\src\spi.o
 .debug_ranges  0x000002f0       0x28 obj\debug\src\system_stm32f10x.o
 .debug_ranges  0x00000318       0xd0 obj\debug\src\tm_stm32_nrf24l01.o

.debug_macro    0x00000000     0x2392
 .debug_macro   0x00000000      0x1c5 obj\debug\spl\src\stm32f10x_gpio.o
 .debug_macro   0x000001c5      0x2a6 obj\debug\spl\src\stm32f10x_gpio.o
 .debug_macro   0x0000046b      0x293 obj\debug\spl\src\stm32f10x_rcc.o
 .debug_macro   0x000006fe      0x3dc obj\debug\spl\src\stm32f10x_rcc.o
 .debug_macro   0x00000ada      0x1dd obj\debug\spl\src\stm32f10x_spi.o
 .debug_macro   0x00000cb7      0x2be obj\debug\spl\src\stm32f10x_spi.o
 .debug_macro   0x00000f75      0x183 obj\debug\src\led.o
 .debug_macro   0x000010f8       0x22 obj\debug\src\led.o
 .debug_macro   0x0000111a       0x1c obj\debug\src\led.o
 .debug_macro   0x00001136      0x279 obj\debug\src\main.o
 .debug_macro   0x000013af       0x58 obj\debug\src\main.o
 .debug_macro   0x00001407       0x35 obj\debug\src\main.o
 .debug_macro   0x0000143c       0xa2 obj\debug\src\main.o
 .debug_macro   0x000014de       0x16 obj\debug\src\main.o
 .debug_macro   0x000014f4       0x97 obj\debug\src\main.o
 .debug_macro   0x0000158b       0x10 obj\debug\src\main.o
 .debug_macro   0x0000159b       0xef obj\debug\src\main.o
 .debug_macro   0x0000168a       0x52 obj\debug\src\main.o
 .debug_macro   0x000016dc       0x16 obj\debug\src\main.o
 .debug_macro   0x000016f2       0x43 obj\debug\src\main.o
 .debug_macro   0x00001735      0x180 obj\debug\src\main.o
 .debug_macro   0x000018b5       0x10 obj\debug\src\main.o
 .debug_macro   0x000018c5       0x22 obj\debug\src\main.o
 .debug_macro   0x000018e7       0xbd obj\debug\src\main.o
 .debug_macro   0x000019a4       0x16 obj\debug\src\main.o
 .debug_macro   0x000019ba      0x16c obj\debug\src\main.o
 .debug_macro   0x00001b26       0x3a obj\debug\src\main.o
 .debug_macro   0x00001b60       0x5e obj\debug\src\main.o
 .debug_macro   0x00001bbe      0x1a7 obj\debug\src\spi.o
 .debug_macro   0x00001d65      0x17a obj\debug\src\system_stm32f10x.o
 .debug_macro   0x00001edf      0x4b3 obj\debug\src\tm_stm32_nrf24l01.o

.debug_line     0x00000000     0x2c90
 .debug_line    0x00000000      0x5ae obj\debug\spl\src\stm32f10x_gpio.o
 .debug_line    0x000005ae      0x6bd obj\debug\spl\src\stm32f10x_rcc.o
 .debug_line    0x00000c6b      0x60f obj\debug\spl\src\stm32f10x_spi.o
 .debug_line    0x0000127a      0x46a obj\debug\src\led.o
 .debug_line    0x000016e4      0x4ec obj\debug\src\main.o
 .debug_line    0x00001bd0      0x52a obj\debug\src\spi.o
 .debug_line    0x000020fa       0xa8 obj\debug\src\startup_stm32f10x_md.o
 .debug_line    0x000021a2      0x48b obj\debug\src\system_stm32f10x.o
 .debug_line    0x0000262d      0x663 obj\debug\src\tm_stm32_nrf24l01.o

.debug_str      0x00000000    0x53282
 .debug_str     0x00000000    0x4e586 obj\debug\spl\src\stm32f10x_gpio.o
                              0x4e6ed (size before relaxing)
 .debug_str     0x0004e586      0xb44 obj\debug\spl\src\stm32f10x_rcc.o
                              0x4ecd3 (size before relaxing)
 .debug_str     0x0004f0ca      0x607 obj\debug\spl\src\stm32f10x_spi.o
                              0x4e7ed (size before relaxing)
 .debug_str     0x0004f6d1      0x108 obj\debug\src\led.o
                              0x4e33e (size before relaxing)
 .debug_str     0x0004f7d9     0x2510 obj\debug\src\main.o
                              0x5072e (size before relaxing)
 .debug_str     0x00051ce9      0x272 obj\debug\src\spi.o
                              0x4e6ed (size before relaxing)
 .debug_str     0x00051f5b      0x10b obj\debug\src\system_stm32f10x.o
                              0x4e2ae (size before relaxing)
 .debug_str     0x00052066     0x121c obj\debug\src\tm_stm32_nrf24l01.o
                              0x4f943 (size before relaxing)

.debug_frame    0x00000000      0xe5c
 .debug_frame   0x00000000      0x210 obj\debug\spl\src\stm32f10x_gpio.o
 .debug_frame   0x00000210      0x388 obj\debug\spl\src\stm32f10x_rcc.o
 .debug_frame   0x00000598      0x29c obj\debug\spl\src\stm32f10x_spi.o
 .debug_frame   0x00000834       0xc0 obj\debug\src\led.o
 .debug_frame   0x000008f4       0x48 obj\debug\src\main.o
 .debug_frame   0x0000093c       0xec obj\debug\src\spi.o
 .debug_frame   0x00000a28       0x80 obj\debug\src\system_stm32f10x.o
 .debug_frame   0x00000aa8      0x320 obj\debug\src\tm_stm32_nrf24l01.o
 .debug_frame   0x00000dc8       0x28 c:/program files (x86)/embitz/0.42/share/em_armgcc/bin/../lib/gcc/arm-none-eabi/4.8.4/../../../../arm-none-eabi/lib/armv7-m\libg_n.a(lib_a-exit.o)
 .debug_frame   0x00000df0       0x2c c:/program files (x86)/embitz/0.42/share/em_armgcc/bin/../lib/gcc/arm-none-eabi/4.8.4/../../../../arm-none-eabi/lib/armv7-m\libg_n.a(lib_a-init.o)
 .debug_frame   0x00000e1c       0x20 c:/program files (x86)/embitz/0.42/share/em_armgcc/bin/../lib/gcc/arm-none-eabi/4.8.4/../../../../arm-none-eabi/lib/armv7-m\libg_n.a(lib_a-memset.o)
 .debug_frame   0x00000e3c       0x20 c:/program files (x86)/embitz/0.42/share/em_armgcc/bin/../lib/gcc/arm-none-eabi/4.8.4/../../../../arm-none-eabi/lib/armv7-m\libnosys_s.a(_exit.o)
