Archive member included because of file (symbol)

c:/program files (x86)/embitz/0.42/share/em_armgcc/bin/../lib/gcc/arm-none-eabi/4.8.4/../../../../arm-none-eabi/lib/armv7-m\libg_n.a(lib_a-exit.o)
                              c:/program files (x86)/embitz/0.42/share/em_armgcc/bin/../lib/gcc/arm-none-eabi/4.8.4/../../../../arm-none-eabi/lib/armv7-m/crt0.o (exit)
c:/program files (x86)/embitz/0.42/share/em_armgcc/bin/../lib/gcc/arm-none-eabi/4.8.4/../../../../arm-none-eabi/lib/armv7-m\libg_n.a(lib_a-impure.o)
                              c:/program files (x86)/embitz/0.42/share/em_armgcc/bin/../lib/gcc/arm-none-eabi/4.8.4/../../../../arm-none-eabi/lib/armv7-m\libg_n.a(lib_a-exit.o) (_global_impure_ptr)
c:/program files (x86)/embitz/0.42/share/em_armgcc/bin/../lib/gcc/arm-none-eabi/4.8.4/../../../../arm-none-eabi/lib/armv7-m\libg_n.a(lib_a-init.o)
                              c:/program files (x86)/embitz/0.42/share/em_armgcc/bin/../lib/gcc/arm-none-eabi/4.8.4/../../../../arm-none-eabi/lib/armv7-m/crt0.o (__libc_init_array)
c:/program files (x86)/embitz/0.42/share/em_armgcc/bin/../lib/gcc/arm-none-eabi/4.8.4/../../../../arm-none-eabi/lib/armv7-m\libg_n.a(lib_a-memset.o)
                              c:/program files (x86)/embitz/0.42/share/em_armgcc/bin/../lib/gcc/arm-none-eabi/4.8.4/../../../../arm-none-eabi/lib/armv7-m/crt0.o (memset)
c:/program files (x86)/embitz/0.42/share/em_armgcc/bin/../lib/gcc/arm-none-eabi/4.8.4/../../../../arm-none-eabi/lib/armv7-m\libnosys_s.a(_exit.o)
                              c:/program files (x86)/embitz/0.42/share/em_armgcc/bin/../lib/gcc/arm-none-eabi/4.8.4/../../../../arm-none-eabi/lib/armv7-m\libg_n.a(lib_a-exit.o) (_exit)

Allocating common symbols
Common symbol       size              file

SaveRState          0x2               obj\release\src\usb-fs\usb_int.o
HSEStartUpStatus    0x1               obj\release\src\usb\hw_config.o
SaveState           0x2               obj\release\src\usb-fs\usb_init.o
ProtocolValue       0x4               obj\release\src\usb\usb_prop.o
wIstr               0x2               obj\release\src\usb\usb_istr.o
pProperty           0x4               obj\release\src\usb-fs\usb_init.o
EPindex             0x1               obj\release\src\usb-fs\usb_init.o
Report_Buf          0x40              obj\release\src\usb\usb_prop.o
btn1_prev           0x2               obj\release\src\usb\hw_config.o
blink               0x1               obj\release\src\main.o
SaveTState          0x2               obj\release\src\usb-fs\usb_int.o
Device_Info         0x1c              obj\release\src\usb-fs\usb_init.o
pUser_Standard_Requests
                    0x4               obj\release\src\usb-fs\usb_init.o
dataIn              0x20              obj\release\src\main.o
Receive_Buffer      0x21              obj\release\src\usb\usb_endp.o
EXTI_Enable         0x1               obj\release\src\usb\usb_prop.o
StatusInfo          0x2               obj\release\src\usb-fs\usb_core.o
pInformation        0x4               obj\release\src\usb-fs\usb_init.o
ResumeS             0x2               obj\release\src\usb\usb_pwr.o
Buffer              0x5               obj\release\src\usb\hw_config.o
BytesReaded         0x2               obj\release\src\usb\usb_endp.o
EP                  0x20              obj\release\src\usb\usb_pwr.o
EXTI_InitStructure  0x8               obj\release\src\usb\hw_config.o
btn2_prev           0x2               obj\release\src\usb\hw_config.o
wInterrupt_Mask     0x2               obj\release\src\usb-fs\usb_init.o

Discarded input sections

 .text          0x00000000        0x0 c:/program files (x86)/embitz/0.42/share/em_armgcc/bin/../lib/gcc/arm-none-eabi/4.8.4/armv7-m/crti.o
 .data          0x00000000        0x0 c:/program files (x86)/embitz/0.42/share/em_armgcc/bin/../lib/gcc/arm-none-eabi/4.8.4/armv7-m/crti.o
 .bss           0x00000000        0x0 c:/program files (x86)/embitz/0.42/share/em_armgcc/bin/../lib/gcc/arm-none-eabi/4.8.4/armv7-m/crti.o
 .data          0x00000000        0x4 c:/program files (x86)/embitz/0.42/share/em_armgcc/bin/../lib/gcc/arm-none-eabi/4.8.4/armv7-m/crtbegin.o
 .data          0x00000000        0x0 c:/program files (x86)/embitz/0.42/share/em_armgcc/bin/../lib/gcc/arm-none-eabi/4.8.4/../../../../arm-none-eabi/lib/armv7-m/crt0.o
 .bss           0x00000000        0x0 c:/program files (x86)/embitz/0.42/share/em_armgcc/bin/../lib/gcc/arm-none-eabi/4.8.4/../../../../arm-none-eabi/lib/armv7-m/crt0.o
 .ARM.extab     0x00000000        0x0 c:/program files (x86)/embitz/0.42/share/em_armgcc/bin/../lib/gcc/arm-none-eabi/4.8.4/../../../../arm-none-eabi/lib/armv7-m/crt0.o
 .text          0x00000000        0x0 obj\release\spl\src\misc.o
 .data          0x00000000        0x0 obj\release\spl\src\misc.o
 .bss           0x00000000        0x0 obj\release\spl\src\misc.o
 .text.NVIC_SetVectorTable
                0x00000000       0x14 obj\release\spl\src\misc.o
 .text.NVIC_SystemLPConfig
                0x00000000       0x18 obj\release\spl\src\misc.o
[...]
Memory Configuration

Name             Origin             Length             Attributes
ROM              0x08000000         0x00010000         xr
RAM              0x20000000         0x00005000         xrw
*default*        0x00000000         0xffffffff

Linker script and memory map

LOAD c:/program files (x86)/embitz/0.42/share/em_armgcc/bin/../lib/gcc/arm-none-eabi/4.8.4/armv7-m/crti.o
LOAD c:/program files (x86)/embitz/0.42/share/em_armgcc/bin/../lib/gcc/arm-none-eabi/4.8.4/armv7-m/crtbegin.o
LOAD c:/program files (x86)/embitz/0.42/share/em_armgcc/bin/../lib/gcc/arm-none-eabi/4.8.4/../../../../arm-none-eabi/lib/armv7-m/crt0.o
                0x00000100                __HEAP_SIZE = 0x100
                0x00000100                __STACK_SIZE = 0x100

.text           0x08000000     0x2314
 *(.isr_vector)
 .isr_vector    0x08000000       0xec obj\release\src\startup_stm32f10x_md.o
                0x08000000                __isr_vector
 *(.text*)
 .text          0x080000ec       0x54 c:/program files (x86)/embitz/0.42/share/em_armgcc/bin/../lib/gcc/arm-none-eabi/4.8.4/armv7-m/crtbegin.o
 .text          0x08000140       0x74 c:/program files (x86)/embitz/0.42/share/em_armgcc/bin/../lib/gcc/arm-none-eabi/4.8.4/../../../../arm-none-eabi/lib/armv7-m/crt0.o
                0x08000140                _start
                0x08000140                _mainCRTStartup
 .text.NVIC_PriorityGroupConfig
                0x080001b4       0x14 obj\release\spl\src\misc.o
                0x080001b4                NVIC_PriorityGroupConfig
 .text.NVIC_Init
                0x080001c8       0x70 obj\release\spl\src\misc.o
                0x080001c8                NVIC_Init
 .text.EXTI_Init
                0x08000238       0x94 obj\release\spl\src\stm32f10x_exti.o
                0x08000238                EXTI_Init
 .text.EXTI_ClearITPendingBit
                0x080002cc        0xc obj\release\spl\src\stm32f10x_exti.o
                0x080002cc                EXTI_ClearITPendingBit
 .text.GPIO_Init
                0x080002d8       0xc4 obj\release\spl\src\stm32f10x_gpio.o
                0x080002d8                GPIO_Init
 .text.GPIO_SetBits
                0x0800039c        0x4 obj\release\spl\src\stm32f10x_gpio.o
                0x0800039c                GPIO_SetBits
 .text.GPIO_ResetBits
                0x080003a0        0x4 obj\release\spl\src\stm32f10x_gpio.o
                0x080003a0                GPIO_ResetBits
 .text.RCC_USBCLKConfig
                0x080003a4        0xc obj\release\spl\src\stm32f10x_rcc.o
                0x080003a4                RCC_USBCLKConfig
 .text.RCC_APB2PeriphClockCmd
                0x080003b0       0x18 obj\release\spl\src\stm32f10x_rcc.o
                0x080003b0                RCC_APB2PeriphClockCmd
 .text.RCC_APB1PeriphClockCmd
                0x080003c8       0x18 obj\release\spl\src\stm32f10x_rcc.o
                0x080003c8                RCC_APB1PeriphClockCmd
 .text.SPI_Init
                0x080003e0       0x40 obj\release\spl\src\stm32f10x_spi.o
                0x080003e0                SPI_Init
 .text.SPI_Cmd  0x08000420       0x1c obj\release\spl\src\stm32f10x_spi.o
                0x08000420                SPI_Cmd
 .text.SPI_NSSInternalSoftwareConfig
                0x0800043c       0x20 obj\release\spl\src\stm32f10x_spi.o
                0x0800043c                SPI_NSSInternalSoftwareConfig
 .text.SPI_I2S_GetFlagStatus
                0x0800045c        0xc obj\release\spl\src\stm32f10x_spi.o
                0x0800045c                SPI_I2S_GetFlagStatus
 .text.InitLED  0x08000468       0x30 obj\release\src\main.o
                0x08000468                InitLED
 .text.InitializeNRF24L01
                0x08000498       0x2c obj\release\src\main.o
                0x08000498                InitializeNRF24L01
 .text.startup.main
                0x080004c4       0x5c obj\release\src\main.o
                0x080004c4                main
 .text.NRF24L01_FLUSH_RX
                0x08000520       0x28 obj\release\src\nrf\nrf24l01.o
                0x08000520                NRF24L01_FLUSH_RX
 .text.NRF24L01_InitPins
                0x08000548       0x38 obj\release\src\nrf\nrf24l01.o
                0x08000548                NRF24L01_InitPins
 .text.NRF24L01_WriteRegister
                0x08000580       0x3c obj\release\src\nrf\nrf24l01.o
                0x08000580                NRF24L01_WriteRegister
 .text.NRF24L01_WriteRegisterMulti
                0x080005bc       0x44 obj\release\src\nrf\nrf24l01.o
                0x080005bc                NRF24L01_WriteRegisterMulti
 .text.NRF24L01_SetMyAddress
                0x08000600       0x28 obj\release\src\nrf\nrf24l01.o
                0x08000600                NRF24L01_SetMyAddress
 .text.NRF24L01_SetTxAddress
                0x08000628       0x1c obj\release\src\nrf\nrf24l01.o
                0x08000628                NRF24L01_SetTxAddress
 .text.NRF24L01_PowerUpTx
                0x08000644       0x18 obj\release\src\nrf\nrf24l01.o
                0x08000644                NRF24L01_PowerUpTx
 .text.NRF24L01_PowerUpRx
                0x0800065c       0x38 obj\release\src\nrf\nrf24l01.o
                0x0800065c                NRF24L01_PowerUpRx
 .text.NRF24L01_Transmit
                0x08000694       0x6c obj\release\src\nrf\nrf24l01.o
                0x08000694                NRF24L01_Transmit
 .text.NRF24L01_GetStatus
                0x08000700       0x2c obj\release\src\nrf\nrf24l01.o
                0x08000700                NRF24L01_GetStatus
 .text.NRF24L01_GetTransmissionStatus
                0x0800072c       0x18 obj\release\src\nrf\nrf24l01.o
                0x0800072c                NRF24L01_GetTransmissionStatus
 .text.NRF24L01_SoftwareReset
                0x08000744      0x120 obj\release\src\nrf\nrf24l01.o
                0x08000744                NRF24L01_SoftwareReset
 .text.NRF24L01_SetChannel
                0x08000864       0x20 obj\release\src\nrf\nrf24l01.o
                0x08000864                NRF24L01_SetChannel
 .text.NRF24L01_SetRF
                0x08000884       0x48 obj\release\src\nrf\nrf24l01.o
                0x08000884                NRF24L01_SetRF
 .text.NRF24L01_Init
                0x080008cc       0xd0 obj\release\src\nrf\nrf24l01.o
                0x080008cc                NRF24L01_Init
 .text.SPI_Send
                0x0800099c       0x3c obj\release\src\spi\spi.o
                0x0800099c                SPI_Send
 .text.SPI_WriteMulti
                0x080009d8       0x44 obj\release\src\spi\spi.o
                0x080009d8                SPI_WriteMulti
 .text.SPI_Initialize
                0x08000a1c       0x98 obj\release\src\spi\spi_nrf.o
                0x08000a1c                SPI_Initialize
 .text          0x08000ab4       0xb8 obj\release\src\startup_stm32f10x_md.o
                0x08000ab4                Reset_Handler
                0x08000b0c                Default_Handler
                0x08000b0e                WWDG_IRQHandler
                0x08000b10                PVD_IRQHandler
                0x08000b12                TAMPER_IRQHandler
                0x08000b14                RTC_IRQHandler
                0x08000b16                FLASH_IRQHandler
                0x08000b18                RCC_IRQHandler
                0x08000b1a                EXTI0_IRQHandler
                0x08000b1c                EXTI1_IRQHandler
                0x08000b1e                EXTI2_IRQHandler
                0x08000b20                EXTI3_IRQHandler
                0x08000b22                EXTI4_IRQHandler
                0x08000b24                DMA1_Channel1_IRQHandler
                0x08000b26                DMA1_Channel2_IRQHandler
                0x08000b28                DMA1_Channel3_IRQHandler
                0x08000b2a                DMA1_Channel4_IRQHandler
                0x08000b2c                DMA1_Channel5_IRQHandler
                0x08000b2e                DMA1_Channel6_IRQHandler
                0x08000b30                DMA1_Channel7_IRQHandler
                0x08000b32                ADC1_2_IRQHandler
                0x08000b34                USB_HP_CAN1_TX_IRQHandler
                0x08000b38                CAN1_RX1_IRQHandler
                0x08000b3a                CAN1_SCE_IRQHandler
                0x08000b3c                EXTI9_5_IRQHandler
                0x08000b3e                TIM1_BRK_IRQHandler
                0x08000b40                TIM1_UP_IRQHandler
                0x08000b42                TIM1_TRG_COM_IRQHandler
                0x08000b44                TIM1_CC_IRQHandler
                0x08000b46                TIM2_IRQHandler
                0x08000b48                TIM3_IRQHandler
                0x08000b4a                TIM4_IRQHandler
                0x08000b4c                I2C1_EV_IRQHandler
                0x08000b4e                I2C1_ER_IRQHandler
                0x08000b50                I2C2_EV_IRQHandler
                0x08000b52                I2C2_ER_IRQHandler
                0x08000b54                SPI1_IRQHandler
                0x08000b56                SPI2_IRQHandler
                0x08000b58                USART1_IRQHandler
                0x08000b5a                USART2_IRQHandler
                0x08000b5c                USART3_IRQHandler
                0x08000b5e                EXTI15_10_IRQHandler
                0x08000b60                RTCAlarm_IRQHandler
 .text.SystemInit
                0x08000b6c      0x108 obj\release\src\system_stm32f10x.o
                0x08000b6c                SystemInit
 .text.Standard_GetConfiguration
                0x08000c74       0x28 obj\release\src\usb-fs\usb_core.o
                0x08000c74                Standard_GetConfiguration
 .text.Standard_GetInterface
                0x08000c9c       0x28 obj\release\src\usb-fs\usb_core.o
                0x08000c9c                Standard_GetInterface
 .text.Standard_GetStatus
                0x08000cc4       0x98 obj\release\src\usb-fs\usb_core.o
                0x08000cc4                Standard_GetStatus
 .text.DataStageIn
                0x08000d5c       0xb8 obj\release\src\usb-fs\usb_core.o
 .text.Standard_SetConfiguration
                0x08000e14       0x3c obj\release\src\usb-fs\usb_core.o
                0x08000e14                Standard_SetConfiguration
 .text.Standard_SetInterface
                0x08000e50       0x50 obj\release\src\usb-fs\usb_core.o
                0x08000e50                Standard_SetInterface
 .text.Standard_ClearFeature
                0x08000ea0       0xdc obj\release\src\usb-fs\usb_core.o
                0x08000ea0                Standard_ClearFeature
 .text.Standard_SetEndPointFeature
                0x08000f7c       0xa0 obj\release\src\usb-fs\usb_core.o
                0x08000f7c                Standard_SetEndPointFeature
 .text.Standard_GetDescriptorData
                0x0800101c       0x1c obj\release\src\usb-fs\usb_core.o
                0x0800101c                Standard_GetDescriptorData
 .text.Post0_Process
                0x08001038       0x40 obj\release\src\usb-fs\usb_core.o
                0x08001038                Post0_Process
 .text.Setup0_Process
                0x08001078      0x388 obj\release\src\usb-fs\usb_core.o
                0x08001078                Setup0_Process
 .text.Out0_Process
                0x08001400       0xe0 obj\release\src\usb-fs\usb_core.o
                0x08001400                Out0_Process
 .text.SetDeviceAddress
                0x080014e0       0x40 obj\release\src\usb-fs\usb_core.o
                0x080014e0                SetDeviceAddress
 .text.In0_Process
                0x08001520       0x70 obj\release\src\usb-fs\usb_core.o
                0x08001520                In0_Process
 .text.NOP_Process
                0x08001590        0x4 obj\release\src\usb-fs\usb_core.o
                0x08001590                NOP_Process
 .text.USB_Init
                0x08001594       0x38 obj\release\src\usb-fs\usb_init.o
                0x08001594                USB_Init
 .text.CTR_LP   0x080015cc      0x18c obj\release\src\usb-fs\usb_int.o
                0x080015cc                CTR_LP
 .text.UserToPMABufferCopy
                0x08001758       0x3c obj\release\src\usb-fs\usb_mem.o
                0x08001758                UserToPMABufferCopy
 .text.PMAToUserBufferCopy
                0x08001794       0x20 obj\release\src\usb-fs\usb_mem.o
                0x08001794                PMAToUserBufferCopy
 .text.SetBTABLE
                0x080017b4       0x10 obj\release\src\usb-fs\usb_regs.o
                0x080017b4                SetBTABLE
 .text.SetEPType
                0x080017c4       0x1c obj\release\src\usb-fs\usb_regs.o
                0x080017c4                SetEPType
 .text.SetEPTxStatus
                0x080017e0       0x34 obj\release\src\usb-fs\usb_regs.o
                0x080017e0                SetEPTxStatus
 .text.SetEPRxStatus
                0x08001814       0x34 obj\release\src\usb-fs\usb_regs.o
                0x08001814                SetEPRxStatus
 .text.SetEPRxValid
                0x08001848       0x28 obj\release\src\usb-fs\usb_regs.o
                0x08001848                SetEPRxValid
 .text.Clear_Status_Out
                0x08001870       0x20 obj\release\src\usb-fs\usb_regs.o
                0x08001870                Clear_Status_Out
 .text.ClearDTOG_RX
                0x08001890       0x24 obj\release\src\usb-fs\usb_regs.o
                0x08001890                ClearDTOG_RX
 .text.ClearDTOG_TX
                0x080018b4       0x24 obj\release\src\usb-fs\usb_regs.o
                0x080018b4                ClearDTOG_TX
 .text.SetEPTxAddr
                0x080018d8       0x20 obj\release\src\usb-fs\usb_regs.o
                0x080018d8                SetEPTxAddr
 .text.SetEPRxAddr
                0x080018f8       0x20 obj\release\src\usb-fs\usb_regs.o
                0x080018f8                SetEPRxAddr
 .text.GetEPTxAddr
                0x08001918       0x1c obj\release\src\usb-fs\usb_regs.o
                0x08001918                GetEPTxAddr
 .text.GetEPRxAddr
                0x08001934       0x1c obj\release\src\usb-fs\usb_regs.o
                0x08001934                GetEPRxAddr
 .text.SetEPTxCount
                0x08001950       0x1c obj\release\src\usb-fs\usb_regs.o
                0x08001950                SetEPTxCount
 .text.SetEPRxCount
                0x0800196c       0x44 obj\release\src\usb-fs\usb_regs.o
                0x0800196c                SetEPRxCount
 .text.GetEPRxCount
                0x080019b0       0x20 obj\release\src\usb-fs\usb_regs.o
                0x080019b0                GetEPRxCount
 .text.ByteSwap
                0x080019d0        0xc obj\release\src\usb-fs\usb_regs.o
                0x080019d0                ByteSwap
 .text.USB_SIL_Init
                0x080019dc       0x28 obj\release\src\usb-fs\usb_sil.o
                0x080019dc                USB_SIL_Init
 .text.USB_SIL_Read
                0x08001a04       0x24 obj\release\src\usb-fs\usb_sil.o
                0x08001a04                USB_SIL_Read
 .text.IntToUnicode
                0x08001a28       0x30 obj\release\src\usb\hw_config.o
 .text.Set_System
                0x08001a58       0x44 obj\release\src\usb\hw_config.o
                0x08001a58                Set_System
 .text.Set_USBClock
                0x08001a9c       0x18 obj\release\src\usb\hw_config.o
                0x08001a9c                Set_USBClock
 .text.Leave_LowPowerMode
                0x08001ab4       0x24 obj\release\src\usb\hw_config.o
                0x08001ab4                Leave_LowPowerMode
 .text.USB_Interrupts_Config
                0x08001ad8       0x40 obj\release\src\usb\hw_config.o
                0x08001ad8                USB_Interrupts_Config
 .text.USB_Cable_Config
                0x08001b18       0x1c obj\release\src\usb\hw_config.o
                0x08001b18                USB_Cable_Config
 .text.Get_SerialNum
                0x08001b34       0x40 obj\release\src\usb\hw_config.o
                0x08001b34                Get_SerialNum
 .text.NMI_Handler
                0x08001b74        0x4 obj\release\src\usb\stm32_it.o
                0x08001b74                NMI_Handler
 .text.HardFault_Handler
                0x08001b78        0x4 obj\release\src\usb\stm32_it.o
                0x08001b78                HardFault_Handler
 .text.MemManage_Handler
                0x08001b7c        0x4 obj\release\src\usb\stm32_it.o
                0x08001b7c                MemManage_Handler
 .text.BusFault_Handler
                0x08001b80        0x4 obj\release\src\usb\stm32_it.o
                0x08001b80                BusFault_Handler
 .text.UsageFault_Handler
                0x08001b84        0x4 obj\release\src\usb\stm32_it.o
                0x08001b84                UsageFault_Handler
 .text.SVC_Handler
                0x08001b88        0x4 obj\release\src\usb\stm32_it.o
                0x08001b88                SVC_Handler
 .text.DebugMon_Handler
                0x08001b8c        0x4 obj\release\src\usb\stm32_it.o
                0x08001b8c                DebugMon_Handler
 .text.PendSV_Handler
                0x08001b90        0x4 obj\release\src\usb\stm32_it.o
                0x08001b90                PendSV_Handler
 .text.SysTick_Handler
                0x08001b94        0x4 obj\release\src\usb\stm32_it.o
                0x08001b94                SysTick_Handler
 .text.USB_LP_CAN1_RX0_IRQHandler
                0x08001b98        0x4 obj\release\src\usb\stm32_it.o
                0x08001b98                USB_LP_CAN1_RX0_IRQHandler
 .text.USBWakeUp_IRQHandler
                0x08001b9c        0x8 obj\release\src\usb\stm32_it.o
                0x08001b9c                USBWakeUp_IRQHandler
 .text.EP1_OUT_Callback
                0x08001ba4       0x38 obj\release\src\usb\usb_endp.o
                0x08001ba4                EP1_OUT_Callback
 .text.EP1_IN_Callback
                0x08001bdc        0xc obj\release\src\usb\usb_endp.o
                0x08001bdc                EP1_IN_Callback
 .text.USB_Istr
                0x08001be8      0x1ac obj\release\src\usb\usb_istr.o
                0x08001be8                USB_Istr
 .text.HID_SetConfiguration
                0x08001d94       0x18 obj\release\src\usb\usb_prop.o
                0x08001d94                HID_SetConfiguration
 .text.HID_SetDeviceAddress
                0x08001dac        0xc obj\release\src\usb\usb_prop.o
                0x08001dac                HID_SetDeviceAddress
 .text.HID_Status_In
                0x08001db8        0x4 obj\release\src\usb\usb_prop.o
                0x08001db8                HID_Status_In
 .text.HID_Status_Out
                0x08001dbc        0x4 obj\release\src\usb\usb_prop.o
                0x08001dbc                HID_Status_Out
 .text.HID_Data_Setup
                0x08001dc0       0x6c obj\release\src\usb\usb_prop.o
                0x08001dc0                HID_Data_Setup
 .text.HID_SetReport_Feature
                0x08001e2c       0x18 obj\release\src\usb\usb_prop.o
                0x08001e2c                HID_SetReport_Feature
 .text.HID_NoData_Setup
                0x08001e44       0x28 obj\release\src\usb\usb_prop.o
                0x08001e44                HID_NoData_Setup
 .text.HID_Get_Interface_Setting
                0x08001e6c       0x10 obj\release\src\usb\usb_prop.o
                0x08001e6c                HID_Get_Interface_Setting
 .text.HID_GetProtocolValue
                0x08001e7c       0x18 obj\release\src\usb\usb_prop.o
                0x08001e7c                HID_GetProtocolValue
 .text.HID_init
                0x08001e94       0x24 obj\release\src\usb\usb_prop.o
                0x08001e94                HID_init
 .text.HID_Reset
                0x08001eb8       0xb0 obj\release\src\usb\usb_prop.o
                0x08001eb8                HID_Reset
 .text.HID_GetDeviceDescriptor
                0x08001f68        0xc obj\release\src\usb\usb_prop.o
                0x08001f68                HID_GetDeviceDescriptor
 .text.HID_GetConfigDescriptor
                0x08001f74        0xc obj\release\src\usb\usb_prop.o
                0x08001f74                HID_GetConfigDescriptor
 .text.HID_GetStringDescriptor
                0x08001f80       0x20 obj\release\src\usb\usb_prop.o
                0x08001f80                HID_GetStringDescriptor
 .text.HID_GetReportDescriptor
                0x08001fa0        0xc obj\release\src\usb\usb_prop.o
                0x08001fa0                HID_GetReportDescriptor
 .text.HID_GetHIDDescriptor
                0x08001fac        0xc obj\release\src\usb\usb_prop.o
                0x08001fac                HID_GetHIDDescriptor
 .text.PowerOn  0x08001fb8       0x30 obj\release\src\usb\usb_pwr.o
                0x08001fb8                PowerOn
 .text.Suspend  0x08001fe8       0xe4 obj\release\src\usb\usb_pwr.o
                0x08001fe8                Suspend
 .text.Resume   0x080020cc       0xe4 obj\release\src\usb\usb_pwr.o
                0x080020cc                Resume
 .text.exit     0x080021b0       0x28 c:/program files (x86)/embitz/0.42/share/em_armgcc/bin/../lib/gcc/arm-none-eabi/4.8.4/../../../../arm-none-eabi/lib/armv7-m\libg_n.a(lib_a-exit.o)
                0x080021b0                exit
 .text.__libc_init_array
                0x080021d8       0x4c c:/program files (x86)/embitz/0.42/share/em_armgcc/bin/../lib/gcc/arm-none-eabi/4.8.4/../../../../arm-none-eabi/lib/armv7-m\libg_n.a(lib_a-init.o)
                0x080021d8                __libc_init_array
 .text.memset   0x08002224       0x10 c:/program files (x86)/embitz/0.42/share/em_armgcc/bin/../lib/gcc/arm-none-eabi/4.8.4/../../../../arm-none-eabi/lib/armv7-m\libg_n.a(lib_a-memset.o)
                0x08002224                memset
 .text          0x08002234        0x2 c:/program files (x86)/embitz/0.42/share/em_armgcc/bin/../lib/gcc/arm-none-eabi/4.8.4/../../../../arm-none-eabi/lib/armv7-m\libnosys_s.a(_exit.o)
                0x08002234                _exit
 *(.init)
 *fill*         0x08002236        0x2 
 .init          0x08002238        0x4 c:/program files (x86)/embitz/0.42/share/em_armgcc/bin/../lib/gcc/arm-none-eabi/4.8.4/armv7-m/crti.o
                0x08002238                _init
 .init          0x0800223c        0x8 c:/program files (x86)/embitz/0.42/share/em_armgcc/bin/../lib/gcc/arm-none-eabi/4.8.4/armv7-m/crtn.o
 *(.fini)
 .fini          0x08002244        0x4 c:/program files (x86)/embitz/0.42/share/em_armgcc/bin/../lib/gcc/arm-none-eabi/4.8.4/armv7-m/crti.o
                0x08002244                _fini
 .fini          0x08002248        0x8 c:/program files (x86)/embitz/0.42/share/em_armgcc/bin/../lib/gcc/arm-none-eabi/4.8.4/armv7-m/crtn.o
 *crtbegin.o(.ctors)
 *crtbegin?.o(.ctors)
 *(EXCLUDE_FILE(*crtend.o *crtend?.o) .ctors)
 *(SORT(.ctors.*))
 *(.ctors)
 *crtbegin.o(.dtors)
 *crtbegin?.o(.dtors)
 *(EXCLUDE_FILE(*crtend.o *crtend?.o) .dtors)
 *(SORT(.dtors.*))
 *(.dtors)
 *(.rodata*)
 .rodata.RHID_StringLangID
                0x08002250        0x4 obj\release\src\usb\usb_desc.o
                0x08002250                RHID_StringLangID
 .rodata.RHID_StringProduct
                0x08002254       0x18 obj\release\src\usb\usb_desc.o
                0x08002254                RHID_StringProduct
 .rodata.RHID_ConfigDescriptor
                0x0800226c       0x2c obj\release\src\usb\usb_desc.o
                0x0800226c                RHID_ConfigDescriptor
 .rodata.RHID_DeviceDescriptor
                0x08002298       0x14 obj\release\src\usb\usb_desc.o
                0x08002298                RHID_DeviceDescriptor
 .rodata.RHID_ReportDescriptor
                0x080022ac       0x50 obj\release\src\usb\usb_desc.o
                0x080022ac                RHID_ReportDescriptor
 .rodata.RHID_StringVendor
                0x080022fc        0xc obj\release\src\usb\usb_desc.o
                0x080022fc                RHID_StringVendor
 .rodata.str1.1
                0x08002308        0x2 c:/program files (x86)/embitz/0.42/share/em_armgcc/bin/../lib/gcc/arm-none-eabi/4.8.4/../../../../arm-none-eabi/lib/armv7-m\libg_n.a(lib_a-impure.o)
 *fill*         0x0800230a        0x2 
 .rodata._global_impure_ptr
                0x0800230c        0x4 c:/program files (x86)/embitz/0.42/share/em_armgcc/bin/../lib/gcc/arm-none-eabi/4.8.4/../../../../arm-none-eabi/lib/armv7-m\libg_n.a(lib_a-impure.o)
                0x0800230c                _global_impure_ptr
 *(.eh_frame*)
 .eh_frame      0x08002310        0x0 c:/program files (x86)/embitz/0.42/share/em_armgcc/bin/../lib/gcc/arm-none-eabi/4.8.4/armv7-m/crtbegin.o
 .eh_frame      0x08002310        0x4 c:/program files (x86)/embitz/0.42/share/em_armgcc/bin/../lib/gcc/arm-none-eabi/4.8.4/armv7-m/crtend.o

.glue_7         0x08002314        0x0
 .glue_7        0x00000000        0x0 linker stubs

.glue_7t        0x08002314        0x0
 .glue_7t       0x00000000        0x0 linker stubs

.vfp11_veneer   0x08002314        0x0
 .vfp11_veneer  0x00000000        0x0 linker stubs

.v4_bx          0x08002314        0x0
 .v4_bx         0x00000000        0x0 linker stubs

.iplt           0x08002314        0x0
 .iplt          0x00000000        0x0 c:/program files (x86)/embitz/0.42/share/em_armgcc/bin/../lib/gcc/arm-none-eabi/4.8.4/armv7-m/crtbegin.o

.ARM.extab
 *(.ARM.extab* .gnu.linkonce.armextab.*)
                0x08002314                __exidx_start = .

.ARM.exidx      0x08002314        0x8
 *(.ARM.exidx* .gnu.linkonce.armexidx.*)
 .ARM.exidx     0x08002314        0x8 c:/program files (x86)/embitz/0.42/share/em_armgcc/bin/../lib/gcc/arm-none-eabi/4.8.4/../../../../arm-none-eabi/lib/armv7-m/crt0.o
                0x0800231c                __exidx_end = .
                0x0800231c                __etext = .

.rel.dyn        0x0800231c        0x0
 .rel.iplt      0x00000000        0x0 c:/program files (x86)/embitz/0.42/share/em_armgcc/bin/../lib/gcc/arm-none-eabi/4.8.4/armv7-m/crtbegin.o

.data           0x20000000      0x16c load address 0x0800231c
                0x20000000                __data_start__ = .
 *(vtable)
 *(.data*)
 .data.PrevXferComplete
                0x20000000        0x1 obj\release\src\main.o
                0x20000000                PrevXferComplete
 *fill*         0x20000001        0x3 
 .data.MyAddress
                0x20000004        0x8 obj\release\src\main.o
                0x20000004                MyAddress
 .data.TxAddress
                0x2000000c        0x8 obj\release\src\main.o
                0x2000000c                TxAddress
 .data.RHID_StringSerial
                0x20000014       0x1c obj\release\src\usb\usb_desc.o
                0x20000014                RHID_StringSerial
 .data.pEpInt_IN
                0x20000030       0x1c obj\release\src\usb\usb_istr.o
                0x20000030                pEpInt_IN
 .data.pEpInt_OUT
                0x2000004c       0x1c obj\release\src\usb\usb_istr.o
                0x2000004c                pEpInt_OUT
 .data.Config_Descriptor
                0x20000068        0x8 obj\release\src\usb\usb_prop.o
                0x20000068                Config_Descriptor
 .data.Device_Property
                0x20000070       0x30 obj\release\src\usb\usb_prop.o
                0x20000070                Device_Property
 .data.User_Standard_Requests
                0x200000a0       0x24 obj\release\src\usb\usb_prop.o
                0x200000a0                User_Standard_Requests
 .data.RHID_Hid_Descriptor
                0x200000c4        0x8 obj\release\src\usb\usb_prop.o
                0x200000c4                RHID_Hid_Descriptor
 .data.RHID_Report_Descriptor
                0x200000cc        0x8 obj\release\src\usb\usb_prop.o
                0x200000cc                RHID_Report_Descriptor
 .data.Device_Descriptor
                0x200000d4        0x8 obj\release\src\usb\usb_prop.o
                0x200000d4                Device_Descriptor
 .data.String_Descriptor
                0x200000dc       0x20 obj\release\src\usb\usb_prop.o
                0x200000dc                String_Descriptor
 .data.Device_Table
                0x200000fc        0x4 obj\release\src\usb\usb_prop.o
                0x200000fc                Device_Table
 .data.fSuspendEnabled
                0x20000100        0x1 obj\release\src\usb\usb_pwr.o
                0x20000100                fSuspendEnabled
 *fill*         0x20000101        0x3 
 .data.impure_data
                0x20000104       0x60 c:/program files (x86)/embitz/0.42/share/em_armgcc/bin/../lib/gcc/arm-none-eabi/4.8.4/../../../../arm-none-eabi/lib/armv7-m\libg_n.a(lib_a-impure.o)
                0x20000164                . = ALIGN (0x4)
                0x20000164                PROVIDE (__preinit_array_start, .)
 *(.preinit_array)
                0x20000164                PROVIDE (__preinit_array_end, .)
                0x20000164                . = ALIGN (0x4)
                0x20000164                PROVIDE (__init_array_start, .)
 *(SORT(.init_array.*))
 *(.init_array)
 .init_array    0x20000164        0x4 c:/program files (x86)/embitz/0.42/share/em_armgcc/bin/../lib/gcc/arm-none-eabi/4.8.4/armv7-m/crtbegin.o
                0x20000168                PROVIDE (__init_array_end, .)
                0x20000168                . = ALIGN (0x4)
                0x20000168                PROVIDE (__fini_array_start, .)
 *(SORT(.fini_array.*))
 *(.fini_array)
 .fini_array    0x20000168        0x4 c:/program files (x86)/embitz/0.42/share/em_armgcc/bin/../lib/gcc/arm-none-eabi/4.8.4/armv7-m/crtbegin.o
                0x2000016c                PROVIDE (__fini_array_end, .)
                0x2000016c                . = ALIGN (0x4)
                0x2000016c                __data_end__ = .

.jcr            0x2000016c        0x0 load address 0x08002488
 .jcr           0x2000016c        0x0 c:/program files (x86)/embitz/0.42/share/em_armgcc/bin/../lib/gcc/arm-none-eabi/4.8.4/armv7-m/crtbegin.o

.igot.plt       0x2000016c        0x0 load address 0x08002488
 .igot.plt      0x00000000        0x0 c:/program files (x86)/embitz/0.42/share/em_armgcc/bin/../lib/gcc/arm-none-eabi/4.8.4/armv7-m/crtbegin.o

.bss            0x2000016c      0x148 load address 0x08002488
                0x2000016c                __bss_start__ = .
 *(.bss*)
 .bss           0x2000016c       0x1c c:/program files (x86)/embitz/0.42/share/em_armgcc/bin/../lib/gcc/arm-none-eabi/4.8.4/armv7-m/crtbegin.o
 .bss.NRF24L01_Struct
                0x20000188        0x4 obj\release\src\nrf\nrf24l01.o
 .bss.Data_Mul_MaxPacketSize
                0x2000018c        0x1 obj\release\src\usb-fs\usb_core.o
                0x2000018c                Data_Mul_MaxPacketSize
 *fill*         0x2000018d        0x3 
 .bss.wCNTR     0x20000190        0x4 obj\release\src\usb\usb_istr.o
                0x20000190                wCNTR
 .bss.bIntPackSOF
                0x20000194        0x1 obj\release\src\usb\usb_istr.o
                0x20000194                bIntPackSOF
 *fill*         0x20000195        0x3 
 .bss.esof_counter
                0x20000198        0x4 obj\release\src\usb\usb_istr.o
                0x20000198                esof_counter
 .bss.Request   0x2000019c        0x1 obj\release\src\usb\usb_prop.o
                0x2000019c                Request
 *fill*         0x2000019d        0x3 
 .bss.bDeviceState
                0x200001a0        0x4 obj\release\src\usb\usb_pwr.o
                0x200001a0                bDeviceState
 .bss.remotewakeupon
                0x200001a4        0x4 obj\release\src\usb\usb_pwr.o
                0x200001a4                remotewakeupon
 *(COMMON)
 COMMON         0x200001a8       0x24 obj\release\src\main.o
                0x200001a8                blink
                0x200001ac                dataIn
 COMMON         0x200001cc        0x2 obj\release\src\usb-fs\usb_core.o
                0x200001cc                StatusInfo
 *fill*         0x200001ce        0x2 
 COMMON         0x200001d0       0x32 obj\release\src\usb-fs\usb_init.o
                0x200001d0                SaveState
                0x200001d4                pProperty
                0x200001d8                EPindex
                0x200001dc                Device_Info
                0x200001f8                pUser_Standard_Requests
                0x200001fc                pInformation
                0x20000200                wInterrupt_Mask
 COMMON         0x20000202        0x4 obj\release\src\usb-fs\usb_int.o
                0x20000202                SaveRState
                0x20000204                SaveTState
 *fill*         0x20000206        0x2 
 COMMON         0x20000208       0x16 obj\release\src\usb\hw_config.o
                0x20000208                HSEStartUpStatus
                0x2000020a                btn1_prev
                0x2000020c                Buffer
                0x20000214                EXTI_InitStructure
                0x2000021c                btn2_prev
 *fill*         0x2000021e        0x2 
 COMMON         0x20000220       0x24 obj\release\src\usb\usb_endp.o
                0x20000220                Receive_Buffer
                0x20000242                BytesReaded
 COMMON         0x20000244        0x2 obj\release\src\usb\usb_istr.o
                0x20000244                wIstr
 *fill*         0x20000246        0x2 
 COMMON         0x20000248       0x45 obj\release\src\usb\usb_prop.o
                0x20000248                ProtocolValue
                0x2000024c                Report_Buf
                0x2000028c                EXTI_Enable
 *fill*         0x2000028d        0x3 
 COMMON         0x20000290       0x24 obj\release\src\usb\usb_pwr.o
                0x20000290                ResumeS
                0x20000294                EP
                0x200002b4                __bss_end__ = .

.heap           0x200002b8      0x100
                0x200002b8                __end__ = .
                0x200002b8                end = __end__
 *(.heap*)
 .heap          0x200002b8      0x100 obj\release\src\startup_stm32f10x_md.o
                0x200002b8                __HeapBase
                0x200003b8                __HeapLimit = .

.stack_dummy    0x200002b8      0x100
 *(.stack)
 .stack         0x200002b8      0x100 obj\release\src\startup_stm32f10x_md.o
                0x20005000                __StackTop = (ORIGIN (RAM) + 0x5000)
                0x20004f00                __StackLimit = (__StackTop - SIZEOF (.stack_dummy))
                0x20005000                PROVIDE (__stack, __StackTop)
                0x00000001                ASSERT ((__StackLimit >= __HeapLimit), region RAM overflowed with stack)
LOAD obj\release\spl\src\misc.o
LOAD obj\release\spl\src\stm32f10x_adc.o
LOAD obj\release\spl\src\stm32f10x_bkp.o
LOAD obj\release\spl\src\stm32f10x_can.o
LOAD obj\release\spl\src\stm32f10x_cec.o
LOAD obj\release\spl\src\stm32f10x_crc.o
LOAD obj\release\spl\src\stm32f10x_dac.o
LOAD obj\release\spl\src\stm32f10x_dbgmcu.o
LOAD obj\release\spl\src\stm32f10x_dma.o
LOAD obj\release\spl\src\stm32f10x_exti.o
LOAD obj\release\spl\src\stm32f10x_flash.o
LOAD obj\release\spl\src\stm32f10x_fsmc.o
LOAD obj\release\spl\src\stm32f10x_gpio.o
LOAD obj\release\spl\src\stm32f10x_i2c.o
LOAD obj\release\spl\src\stm32f10x_iwdg.o
LOAD obj\release\spl\src\stm32f10x_pwr.o
LOAD obj\release\spl\src\stm32f10x_rcc.o
LOAD obj\release\spl\src\stm32f10x_rtc.o
LOAD obj\release\spl\src\stm32f10x_sdio.o
LOAD obj\release\spl\src\stm32f10x_spi.o
LOAD obj\release\spl\src\stm32f10x_tim.o
LOAD obj\release\spl\src\stm32f10x_usart.o
LOAD obj\release\spl\src\stm32f10x_wwdg.o
LOAD obj\release\src\main.o
LOAD obj\release\src\nrf\nrf24l01.o
LOAD obj\release\src\spi\spi.o
LOAD obj\release\src\spi\spi_nrf.o
LOAD obj\release\src\startup_stm32f10x_md.o
LOAD obj\release\src\system_stm32f10x.o
LOAD obj\release\src\usb-fs\usb_core.o
LOAD obj\release\src\usb-fs\usb_init.o
LOAD obj\release\src\usb-fs\usb_int.o
LOAD obj\release\src\usb-fs\usb_mem.o
LOAD obj\release\src\usb-fs\usb_regs.o
LOAD obj\release\src\usb-fs\usb_sil.o
LOAD obj\release\src\usb\hw_config.o
LOAD obj\release\src\usb\stm32_it.o
LOAD obj\release\src\usb\usb_desc.o
LOAD obj\release\src\usb\usb_endp.o
LOAD obj\release\src\usb\usb_istr.o
LOAD obj\release\src\usb\usb_prop.o
LOAD obj\release\src\usb\usb_pwr.o
START GROUP
LOAD c:/program files (x86)/embitz/0.42/share/em_armgcc/bin/../lib/gcc/arm-none-eabi/4.8.4/armv7-m\libgcc.a
LOAD c:/program files (x86)/embitz/0.42/share/em_armgcc/bin/../lib/gcc/arm-none-eabi/4.8.4/../../../../arm-none-eabi/lib/armv7-m\libg_n.a
LOAD c:/program files (x86)/embitz/0.42/share/em_armgcc/bin/../lib/gcc/arm-none-eabi/4.8.4/../../../../arm-none-eabi/lib/armv7-m\libc_n.a
END GROUP
START GROUP
LOAD c:/program files (x86)/embitz/0.42/share/em_armgcc/bin/../lib/gcc/arm-none-eabi/4.8.4/armv7-m\libgcc.a
LOAD c:/program files (x86)/embitz/0.42/share/em_armgcc/bin/../lib/gcc/arm-none-eabi/4.8.4/../../../../arm-none-eabi/lib/armv7-m\libc_n.a
LOAD c:/program files (x86)/embitz/0.42/share/em_armgcc/bin/../lib/gcc/arm-none-eabi/4.8.4/../../../../arm-none-eabi/lib/armv7-m\libnosys_s.a
END GROUP
LOAD c:/program files (x86)/embitz/0.42/share/em_armgcc/bin/../lib/gcc/arm-none-eabi/4.8.4/armv7-m/crtend.o
LOAD c:/program files (x86)/embitz/0.42/share/em_armgcc/bin/../lib/gcc/arm-none-eabi/4.8.4/armv7-m/crtn.o
OUTPUT(bin\Release\USB.elf elf32-littlearm)

.ARM.attributes
                0x00000000       0x29
 .ARM.attributes
                0x00000000       0x1d c:/program files (x86)/embitz/0.42/share/em_armgcc/bin/../lib/gcc/arm-none-eabi/4.8.4/armv7-m/crti.o
 .ARM.attributes
                0x0000001d       0x2d c:/program files (x86)/embitz/0.42/share/em_armgcc/bin/../lib/gcc/arm-none-eabi/4.8.4/armv7-m/crtbegin.o
 .ARM.attributes
                0x0000004a       0x1b c:/program files (x86)/embitz/0.42/share/em_armgcc/bin/../lib/gcc/arm-none-eabi/4.8.4/../../../../arm-none-eabi/lib/armv7-m/crt0.o
 .ARM.attributes
                0x00000065       0x33 obj\release\spl\src\misc.o
 .ARM.attributes
                0x00000098       0x33 obj\release\spl\src\stm32f10x_exti.o
 .ARM.attributes
                0x000000cb       0x33 obj\release\spl\src\stm32f10x_gpio.o
 .ARM.attributes
                0x000000fe       0x33 obj\release\spl\src\stm32f10x_rcc.o
 .ARM.attributes
                0x00000131       0x33 obj\release\spl\src\stm32f10x_spi.o
 .ARM.attributes
                0x00000164       0x33 obj\release\src\main.o
 .ARM.attributes
                0x00000197       0x33 obj\release\src\nrf\nrf24l01.o
 .ARM.attributes
                0x000001ca       0x33 obj\release\src\spi\spi.o
 .ARM.attributes
                0x000001fd       0x33 obj\release\src\spi\spi_nrf.o
 .ARM.attributes
                0x00000230       0x1b obj\release\src\startup_stm32f10x_md.o
 .ARM.attributes
                0x0000024b       0x33 obj\release\src\system_stm32f10x.o
 .ARM.attributes
                0x0000027e       0x33 obj\release\src\usb-fs\usb_core.o
 .ARM.attributes
                0x000002b1       0x33 obj\release\src\usb-fs\usb_init.o
 .ARM.attributes
                0x000002e4       0x33 obj\release\src\usb-fs\usb_int.o
 .ARM.attributes
                0x00000317       0x33 obj\release\src\usb-fs\usb_mem.o
 .ARM.attributes
                0x0000034a       0x33 obj\release\src\usb-fs\usb_regs.o
 .ARM.attributes
                0x0000037d       0x33 obj\release\src\usb-fs\usb_sil.o
 .ARM.attributes
                0x000003b0       0x33 obj\release\src\usb\hw_config.o
 .ARM.attributes
                0x000003e3       0x33 obj\release\src\usb\stm32_it.o
 .ARM.attributes
                0x00000416       0x33 obj\release\src\usb\usb_desc.o
 .ARM.attributes
                0x00000449       0x33 obj\release\src\usb\usb_endp.o
 .ARM.attributes
                0x0000047c       0x33 obj\release\src\usb\usb_istr.o
 .ARM.attributes
                0x000004af       0x33 obj\release\src\usb\usb_prop.o
 .ARM.attributes
                0x000004e2       0x33 obj\release\src\usb\usb_pwr.o
 .ARM.attributes
                0x00000515       0x2d c:/program files (x86)/embitz/0.42/share/em_armgcc/bin/../lib/gcc/arm-none-eabi/4.8.4/../../../../arm-none-eabi/lib/armv7-m\libg_n.a(lib_a-exit.o)
 .ARM.attributes
                0x00000542       0x2d c:/program files (x86)/embitz/0.42/share/em_armgcc/bin/../lib/gcc/arm-none-eabi/4.8.4/../../../../arm-none-eabi/lib/armv7-m\libg_n.a(lib_a-impure.o)
 .ARM.attributes
                0x0000056f       0x2d c:/program files (x86)/embitz/0.42/share/em_armgcc/bin/../lib/gcc/arm-none-eabi/4.8.4/../../../../arm-none-eabi/lib/armv7-m\libg_n.a(lib_a-init.o)
 .ARM.attributes
                0x0000059c       0x2d c:/program files (x86)/embitz/0.42/share/em_armgcc/bin/../lib/gcc/arm-none-eabi/4.8.4/../../../../arm-none-eabi/lib/armv7-m\libg_n.a(lib_a-memset.o)
 .ARM.attributes
                0x000005c9       0x2d c:/program files (x86)/embitz/0.42/share/em_armgcc/bin/../lib/gcc/arm-none-eabi/4.8.4/../../../../arm-none-eabi/lib/armv7-m\libnosys_s.a(_exit.o)
 .ARM.attributes
                0x000005f6       0x2d c:/program files (x86)/embitz/0.42/share/em_armgcc/bin/../lib/gcc/arm-none-eabi/4.8.4/armv7-m/crtend.o
 .ARM.attributes
                0x00000623       0x1d c:/program files (x86)/embitz/0.42/share/em_armgcc/bin/../lib/gcc/arm-none-eabi/4.8.4/armv7-m/crtn.o

.comment        0x00000000       0x46
 .comment       0x00000000       0x46 obj\release\spl\src\misc.o
                                 0x47 (size before relaxing)
 .comment       0x00000000       0x47 obj\release\spl\src\stm32f10x_exti.o
 .comment       0x00000000       0x47 obj\release\spl\src\stm32f10x_gpio.o
 .comment       0x00000000       0x47 obj\release\spl\src\stm32f10x_rcc.o
 .comment       0x00000000       0x47 obj\release\spl\src\stm32f10x_spi.o
 .comment       0x00000000       0x47 obj\release\src\main.o
 .comment       0x00000000       0x47 obj\release\src\nrf\nrf24l01.o
 .comment       0x00000000       0x47 obj\release\src\spi\spi.o
 .comment       0x00000000       0x47 obj\release\src\spi\spi_nrf.o
 .comment       0x00000000       0x47 obj\release\src\system_stm32f10x.o
 .comment       0x00000000       0x47 obj\release\src\usb-fs\usb_core.o
 .comment       0x00000000       0x47 obj\release\src\usb-fs\usb_init.o
 .comment       0x00000000       0x47 obj\release\src\usb-fs\usb_int.o
 .comment       0x00000000       0x47 obj\release\src\usb-fs\usb_mem.o
 .comment       0x00000000       0x47 obj\release\src\usb-fs\usb_regs.o
 .comment       0x00000000       0x47 obj\release\src\usb-fs\usb_sil.o
 .comment       0x00000000       0x47 obj\release\src\usb\hw_config.o
 .comment       0x00000000       0x47 obj\release\src\usb\stm32_it.o
 .comment       0x00000000       0x47 obj\release\src\usb\usb_desc.o
 .comment       0x00000000       0x47 obj\release\src\usb\usb_endp.o
 .comment       0x00000000       0x47 obj\release\src\usb\usb_istr.o
 .comment       0x00000000       0x47 obj\release\src\usb\usb_prop.o
 .comment       0x00000000       0x47 obj\release\src\usb\usb_pwr.o

.debug_info     0x00000000     0x9afa
 .debug_info    0x00000000      0x545 obj\release\spl\src\misc.o
 .debug_info    0x00000545      0x348 obj\release\spl\src\stm32f10x_exti.o
 .debug_info    0x0000088d      0x889 obj\release\spl\src\stm32f10x_gpio.o
 .debug_info    0x00001116      0x937 obj\release\spl\src\stm32f10x_rcc.o
 .debug_info    0x00001a4d      0x9df obj\release\spl\src\stm32f10x_spi.o
 .debug_info    0x0000242c      0x594 obj\release\src\main.o
 .debug_info    0x000029c0     0x1463 obj\release\src\nrf\nrf24l01.o
 .debug_info    0x00003e23      0x463 obj\release\src\spi\spi.o
 .debug_info    0x00004286      0x542 obj\release\src\spi\spi_nrf.o
 .debug_info    0x000047c8       0x64 obj\release\src\startup_stm32f10x_md.o
 .debug_info    0x0000482c      0x4a5 obj\release\src\system_stm32f10x.o
 .debug_info    0x00004cd1      0xe96 obj\release\src\usb-fs\usb_core.o
 .debug_info    0x00005b67      0x454 obj\release\src\usb-fs\usb_init.o
 .debug_info    0x00005fbb      0x202 obj\release\src\usb-fs\usb_int.o
 .debug_info    0x000061bd      0x1e4 obj\release\src\usb-fs\usb_mem.o
 .debug_info    0x000063a1      0xcf6 obj\release\src\usb-fs\usb_regs.o
 .debug_info    0x00007097      0x29d obj\release\src\usb-fs\usb_sil.o
 .debug_info    0x00007334      0xabd obj\release\src\usb\hw_config.o
 .debug_info    0x00007df1      0x1a3 obj\release\src\usb\stm32_it.o
 .debug_info    0x00007f94      0x1ad obj\release\src\usb\usb_desc.o
 .debug_info    0x00008141      0x21e obj\release\src\usb\usb_endp.o
 .debug_info    0x0000835f      0x476 obj\release\src\usb\usb_istr.o
 .debug_info    0x000087d5      0xcdd obj\release\src\usb\usb_prop.o
 .debug_info    0x000094b2      0x648 obj\release\src\usb\usb_pwr.o

.debug_abbrev   0x00000000     0x2942
 .debug_abbrev  0x00000000      0x156 obj\release\spl\src\misc.o
 .debug_abbrev  0x00000156      0x162 obj\release\spl\src\stm32f10x_exti.o
 .debug_abbrev  0x000002b8      0x205 obj\release\spl\src\stm32f10x_gpio.o
 .debug_abbrev  0x000004bd      0x257 obj\release\spl\src\stm32f10x_rcc.o
 .debug_abbrev  0x00000714      0x1fc obj\release\spl\src\stm32f10x_spi.o
 .debug_abbrev  0x00000910      0x245 obj\release\src\main.o
 .debug_abbrev  0x00000b55      0x2f1 obj\release\src\nrf\nrf24l01.o
 .debug_abbrev  0x00000e46      0x132 obj\release\src\spi\spi.o
 .debug_abbrev  0x00000f78      0x1ab obj\release\src\spi\spi_nrf.o
 .debug_abbrev  0x00001123       0x14 obj\release\src\startup_stm32f10x_md.o
 .debug_abbrev  0x00001137      0x16e obj\release\src\system_stm32f10x.o
 .debug_abbrev  0x000012a5      0x3cf obj\release\src\usb-fs\usb_core.o
 .debug_abbrev  0x00001674      0x120 obj\release\src\usb-fs\usb_init.o
 .debug_abbrev  0x00001794       0xfd obj\release\src\usb-fs\usb_int.o
 .debug_abbrev  0x00001891       0x9f obj\release\src\usb-fs\usb_mem.o
 .debug_abbrev  0x00001930      0x1fc obj\release\src\usb-fs\usb_regs.o
 .debug_abbrev  0x00001b2c      0x134 obj\release\src\usb-fs\usb_sil.o
 .debug_abbrev  0x00001c60      0x32b obj\release\src\usb\hw_config.o
 .debug_abbrev  0x00001f8b       0xd2 obj\release\src\usb\stm32_it.o
 .debug_abbrev  0x0000205d       0x75 obj\release\src\usb\usb_desc.o
 .debug_abbrev  0x000020d2      0x159 obj\release\src\usb\usb_endp.o
 .debug_abbrev  0x0000222b      0x1a7 obj\release\src\usb\usb_istr.o
 .debug_abbrev  0x000023d2      0x2d8 obj\release\src\usb\usb_prop.o
 .debug_abbrev  0x000026aa      0x298 obj\release\src\usb\usb_pwr.o

.debug_loc      0x00000000     0x3c3d
 .debug_loc     0x00000000      0x13d obj\release\spl\src\misc.o
 .debug_loc     0x0000013d      0x1d6 obj\release\spl\src\stm32f10x_exti.o
 .debug_loc     0x00000313      0x5bd obj\release\spl\src\stm32f10x_gpio.o
 .debug_loc     0x000008d0      0x76e obj\release\spl\src\stm32f10x_rcc.o
 .debug_loc     0x0000103e      0x500 obj\release\spl\src\stm32f10x_spi.o
 .debug_loc     0x0000153e       0x30 obj\release\src\main.o
 .debug_loc     0x0000156e      0x5ce obj\release\src\nrf\nrf24l01.o
 .debug_loc     0x00001b3c      0x1c2 obj\release\src\spi\spi.o
 .debug_loc     0x00001cfe       0xc1 obj\release\src\system_stm32f10x.o
 .debug_loc     0x00001dbf      0x9ad obj\release\src\usb-fs\usb_core.o
 .debug_loc     0x0000276c       0x9e obj\release\src\usb-fs\usb_int.o
 .debug_loc     0x0000280a      0x211 obj\release\src\usb-fs\usb_mem.o
 .debug_loc     0x00002a1b      0xb69 obj\release\src\usb-fs\usb_regs.o
 .debug_loc     0x00003584       0xd5 obj\release\src\usb-fs\usb_sil.o
 .debug_loc     0x00003659      0x19e obj\release\src\usb\hw_config.o
 .debug_loc     0x000037f7       0x4e obj\release\src\usb\usb_istr.o
 .debug_loc     0x00003845      0x257 obj\release\src\usb\usb_prop.o
 .debug_loc     0x00003a9c      0x1a1 obj\release\src\usb\usb_pwr.o

.debug_aranges  0x00000000      0xa20
 .debug_aranges
                0x00000000       0x40 obj\release\spl\src\misc.o
 .debug_aranges
                0x00000040       0x58 obj\release\spl\src\stm32f10x_exti.o
 .debug_aranges
                0x00000098       0xa8 obj\release\spl\src\stm32f10x_gpio.o
 .debug_aranges
                0x00000140      0x118 obj\release\spl\src\stm32f10x_rcc.o
 .debug_aranges
                0x00000258       0xd0 obj\release\spl\src\stm32f10x_spi.o
 .debug_aranges
                0x00000328       0x38 obj\release\src\main.o
 .debug_aranges
                0x00000360       0xe0 obj\release\src\nrf\nrf24l01.o
 .debug_aranges
                0x00000440       0x38 obj\release\src\spi\spi.o
 .debug_aranges
                0x00000478       0x20 obj\release\src\spi\spi_nrf.o
 .debug_aranges
                0x00000498       0x20 obj\release\src\startup_stm32f10x_md.o
 .debug_aranges
                0x000004b8       0x28 obj\release\src\system_stm32f10x.o
 .debug_aranges
                0x000004e0       0x98 obj\release\src\usb-fs\usb_core.o
 .debug_aranges
                0x00000578       0x20 obj\release\src\usb-fs\usb_init.o
 .debug_aranges
                0x00000598       0x28 obj\release\src\usb-fs\usb_int.o
 .debug_aranges
                0x000005c0       0x28 obj\release\src\usb-fs\usb_mem.o
 .debug_aranges
                0x000005e8      0x1f0 obj\release\src\usb-fs\usb_regs.o
 .debug_aranges
                0x000007d8       0x30 obj\release\src\usb-fs\usb_sil.o
 .debug_aranges
                0x00000808       0x68 obj\release\src\usb\hw_config.o
 .debug_aranges
                0x00000870       0x70 obj\release\src\usb\stm32_it.o
 .debug_aranges
                0x000008e0       0x18 obj\release\src\usb\usb_desc.o
 .debug_aranges
                0x000008f8       0x28 obj\release\src\usb\usb_endp.o
 .debug_aranges
                0x00000920       0x20 obj\release\src\usb\usb_istr.o
 .debug_aranges
                0x00000940       0xa0 obj\release\src\usb\usb_prop.o
 .debug_aranges
                0x000009e0       0x40 obj\release\src\usb\usb_pwr.o

.debug_ranges   0x00000000      0xb80
 .debug_ranges  0x00000000       0x30 obj\release\spl\src\misc.o
 .debug_ranges  0x00000030       0x48 obj\release\spl\src\stm32f10x_exti.o
 .debug_ranges  0x00000078       0x98 obj\release\spl\src\stm32f10x_gpio.o
 .debug_ranges  0x00000110      0x120 obj\release\spl\src\stm32f10x_rcc.o
 .debug_ranges  0x00000230       0xc0 obj\release\spl\src\stm32f10x_spi.o
 .debug_ranges  0x000002f0       0x28 obj\release\src\main.o
 .debug_ranges  0x00000318      0x108 obj\release\src\nrf\nrf24l01.o
 .debug_ranges  0x00000420       0x28 obj\release\src\spi\spi.o
 .debug_ranges  0x00000448       0x48 obj\release\src\spi\spi_nrf.o
 .debug_ranges  0x00000490       0x40 obj\release\src\system_stm32f10x.o
 .debug_ranges  0x000004d0      0x1a0 obj\release\src\usb-fs\usb_core.o
 .debug_ranges  0x00000670       0x10 obj\release\src\usb-fs\usb_init.o
 .debug_ranges  0x00000680       0x30 obj\release\src\usb-fs\usb_int.o
 .debug_ranges  0x000006b0       0x18 obj\release\src\usb-fs\usb_mem.o
 .debug_ranges  0x000006c8      0x2a8 obj\release\src\usb-fs\usb_regs.o
 .debug_ranges  0x00000970       0x20 obj\release\src\usb-fs\usb_sil.o
 .debug_ranges  0x00000990       0x58 obj\release\src\usb\hw_config.o
 .debug_ranges  0x000009e8       0x60 obj\release\src\usb\stm32_it.o
 .debug_ranges  0x00000a48       0x18 obj\release\src\usb\usb_endp.o
 .debug_ranges  0x00000a60       0x10 obj\release\src\usb\usb_istr.o
 .debug_ranges  0x00000a70       0xa8 obj\release\src\usb\usb_prop.o
 .debug_ranges  0x00000b18       0x68 obj\release\src\usb\usb_pwr.o

.debug_line     0x00000000     0x3b37
 .debug_line    0x00000000      0x1a4 obj\release\spl\src\misc.o
 .debug_line    0x000001a4      0x204 obj\release\spl\src\stm32f10x_exti.o
 .debug_line    0x000003a8      0x353 obj\release\spl\src\stm32f10x_gpio.o
 .debug_line    0x000006fb      0x41a obj\release\spl\src\stm32f10x_rcc.o
 .debug_line    0x00000b15      0x397 obj\release\spl\src\stm32f10x_spi.o
 .debug_line    0x00000eac      0x1f5 obj\release\src\main.o
 .debug_line    0x000010a1      0x43e obj\release\src\nrf\nrf24l01.o
 .debug_line    0x000014df      0x1e5 obj\release\src\spi\spi.o
 .debug_line    0x000016c4      0x1a8 obj\release\src\spi\spi_nrf.o
 .debug_line    0x0000186c       0xa8 obj\release\src\startup_stm32f10x_md.o
 .debug_line    0x00001914      0x1ab obj\release\src\system_stm32f10x.o
 .debug_line    0x00001abf      0x56b obj\release\src\usb-fs\usb_core.o
 .debug_line    0x0000202a      0x13b obj\release\src\usb-fs\usb_init.o
 .debug_line    0x00002165      0x1dc obj\release\src\usb-fs\usb_int.o
 .debug_line    0x00002341      0x166 obj\release\src\usb-fs\usb_mem.o
 .debug_line    0x000024a7      0x5a8 obj\release\src\usb-fs\usb_regs.o
 .debug_line    0x00002a4f      0x17d obj\release\src\usb-fs\usb_sil.o
 .debug_line    0x00002bcc      0x315 obj\release\src\usb\hw_config.o
 .debug_line    0x00002ee1      0x1ea obj\release\src\usb\stm32_it.o
 .debug_line    0x000030cb      0x103 obj\release\src\usb\usb_desc.o
 .debug_line    0x000031ce      0x170 obj\release\src\usb\usb_endp.o
 .debug_line    0x0000333e      0x206 obj\release\src\usb\usb_istr.o
 .debug_line    0x00003544      0x332 obj\release\src\usb\usb_prop.o
 .debug_line    0x00003876      0x2c1 obj\release\src\usb\usb_pwr.o

.debug_str      0x00000000     0x2bf3
 .debug_str     0x00000000      0x36c obj\release\spl\src\misc.o
                                0x3cd (size before relaxing)
 .debug_str     0x0000036c      0x1b3 obj\release\spl\src\stm32f10x_exti.o
                                0x358 (size before relaxing)
 .debug_str     0x0000051f      0x37c obj\release\spl\src\stm32f10x_gpio.o
                                0x53f (size before relaxing)
 .debug_str     0x0000089b      0x3ff obj\release\spl\src\stm32f10x_rcc.o
                                0x629 (size before relaxing)
 .debug_str     0x00000c9a      0x375 obj\release\spl\src\stm32f10x_spi.o
                                0x64c (size before relaxing)
 .debug_str     0x0000100f      0x1c2 obj\release\src\main.o
                                0x4e1 (size before relaxing)
 .debug_str     0x000011d1      0x2e8 obj\release\src\nrf\nrf24l01.o
                                0x7a0 (size before relaxing)
 .debug_str     0x000014b9       0x1c obj\release\src\spi\spi.o
                                0x2a8 (size before relaxing)
 .debug_str     0x000014d5       0x51 obj\release\src\spi\spi_nrf.o
                                0x48a (size before relaxing)
 .debug_str     0x00001526       0x88 obj\release\src\system_stm32f10x.o
                                0x2fb (size before relaxing)
 .debug_str     0x000015ae      0x80f obj\release\src\usb-fs\usb_core.o
                                0xaf6 (size before relaxing)
 .debug_str     0x00001dbd       0x44 obj\release\src\usb-fs\usb_init.o
                                0x53f (size before relaxing)
 .debug_str     0x00001e01       0x45 obj\release\src\usb-fs\usb_int.o
                                0x226 (size before relaxing)
 .debug_str     0x00001e46       0x45 obj\release\src\usb-fs\usb_mem.o
                                0x1ff (size before relaxing)
 .debug_str     0x00001e8b      0x376 obj\release\src\usb-fs\usb_regs.o
                                0x587 (size before relaxing)
 .debug_str     0x00002201       0x6b obj\release\src\usb-fs\usb_sil.o
                                0x267 (size before relaxing)
 .debug_str     0x0000226c      0x459 obj\release\src\usb\hw_config.o
                                0x9d4 (size before relaxing)
 .debug_str     0x000026c5       0xdc obj\release\src\usb\stm32_it.o
                                0x25f (size before relaxing)
 .debug_str     0x000027a1       0x8c obj\release\src\usb\usb_desc.o
                                0x208 (size before relaxing)
 .debug_str     0x0000282d       0x4f obj\release\src\usb\usb_endp.o
                                0x2ba (size before relaxing)
 .debug_str     0x0000287c       0xc6 obj\release\src\usb\usb_istr.o
                                0x44e (size before relaxing)
 .debug_str     0x00002942      0x23f obj\release\src\usb\usb_prop.o
                                0xad2 (size before relaxing)
 .debug_str     0x00002b81       0x72 obj\release\src\usb\usb_pwr.o
                                0x439 (size before relaxing)

.debug_frame    0x00000000     0x1544
 .debug_frame   0x00000000       0x68 obj\release\spl\src\misc.o
 .debug_frame   0x00000068       0x98 obj\release\spl\src\stm32f10x_exti.o
 .debug_frame   0x00000100      0x160 obj\release\spl\src\stm32f10x_gpio.o
 .debug_frame   0x00000260      0x21c obj\release\spl\src\stm32f10x_rcc.o
 .debug_frame   0x0000047c      0x1ac obj\release\spl\src\stm32f10x_spi.o
 .debug_frame   0x00000628       0x70 obj\release\src\main.o
 .debug_frame   0x00000698      0x2a4 obj\release\src\nrf\nrf24l01.o
 .debug_frame   0x0000093c       0x88 obj\release\src\spi\spi.o
 .debug_frame   0x000009c4       0x30 obj\release\src\spi\spi_nrf.o
 .debug_frame   0x000009f4       0x38 obj\release\src\system_stm32f10x.o
 .debug_frame   0x00000a2c      0x1a8 obj\release\src\usb-fs\usb_core.o
 .debug_frame   0x00000bd4       0x2c obj\release\src\usb-fs\usb_init.o
 .debug_frame   0x00000c00       0x58 obj\release\src\usb-fs\usb_int.o
 .debug_frame   0x00000c58       0x38 obj\release\src\usb-fs\usb_mem.o
 .debug_frame   0x00000c90      0x3d0 obj\release\src\usb-fs\usb_regs.o
 .debug_frame   0x00001060       0x60 obj\release\src\usb-fs\usb_sil.o
 .debug_frame   0x000010c0       0xf8 obj\release\src\usb\hw_config.o
 .debug_frame   0x000011b8       0xc0 obj\release\src\usb\stm32_it.o
 .debug_frame   0x00001278       0x38 obj\release\src\usb\usb_endp.o
 .debug_frame   0x000012b0       0x30 obj\release\src\usb\usb_istr.o
 .debug_frame   0x000012e0      0x138 obj\release\src\usb\usb_prop.o
 .debug_frame   0x00001418       0x98 obj\release\src\usb\usb_pwr.o
 .debug_frame   0x000014b0       0x28 c:/program files (x86)/embitz/0.42/share/em_armgcc/bin/../lib/gcc/arm-none-eabi/4.8.4/../../../../arm-none-eabi/lib/armv7-m\libg_n.a(lib_a-exit.o)
 .debug_frame   0x000014d8       0x2c c:/program files (x86)/embitz/0.42/share/em_armgcc/bin/../lib/gcc/arm-none-eabi/4.8.4/../../../../arm-none-eabi/lib/armv7-m\libg_n.a(lib_a-init.o)
 .debug_frame   0x00001504       0x20 c:/program files (x86)/embitz/0.42/share/em_armgcc/bin/../lib/gcc/arm-none-eabi/4.8.4/../../../../arm-none-eabi/lib/armv7-m\libg_n.a(lib_a-memset.o)
 .debug_frame   0x00001524       0x20 c:/program files (x86)/embitz/0.42/share/em_armgcc/bin/../lib/gcc/arm-none-eabi/4.8.4/../../../../arm-none-eabi/lib/armv7-m\libnosys_s.a(_exit.o)
