Archive member included because of file (symbol)

c:/program files (x86)/embitz/0.42/share/em_armgcc/bin/../lib/gcc/arm-none-eabi/4.8.4/../../../../arm-none-eabi/lib/armv7-m\libg_n.a(lib_a-exit.o)
                              c:/program files (x86)/embitz/0.42/share/em_armgcc/bin/../lib/gcc/arm-none-eabi/4.8.4/../../../../arm-none-eabi/lib/armv7-m/crt0.o (exit)
c:/program files (x86)/embitz/0.42/share/em_armgcc/bin/../lib/gcc/arm-none-eabi/4.8.4/../../../../arm-none-eabi/lib/armv7-m\libg_n.a(lib_a-impure.o)
                              c:/program files (x86)/embitz/0.42/share/em_armgcc/bin/../lib/gcc/arm-none-eabi/4.8.4/../../../../arm-none-eabi/lib/armv7-m\libg_n.a(lib_a-exit.o) (_global_impure_ptr)
c:/program files (x86)/embitz/0.42/share/em_armgcc/bin/../lib/gcc/arm-none-eabi/4.8.4/../../../../arm-none-eabi/lib/armv7-m\libg_n.a(lib_a-init.o)
                              c:/program files (x86)/embitz/0.42/share/em_armgcc/bin/../lib/gcc/arm-none-eabi/4.8.4/../../../../arm-none-eabi/lib/armv7-m/crt0.o (__libc_init_array)
c:/program files (x86)/embitz/0.42/share/em_armgcc/bin/../lib/gcc/arm-none-eabi/4.8.4/../../../../arm-none-eabi/lib/armv7-m\libg_n.a(lib_a-memset.o)
                              c:/program files (x86)/embitz/0.42/share/em_armgcc/bin/../lib/gcc/arm-none-eabi/4.8.4/../../../../arm-none-eabi/lib/armv7-m/crt0.o (memset)
c:/program files (x86)/embitz/0.42/share/em_armgcc/bin/../lib/gcc/arm-none-eabi/4.8.4/../../../../arm-none-eabi/lib/armv7-m\libnosys_s.a(_exit.o)
                              c:/program files (x86)/embitz/0.42/share/em_armgcc/bin/../lib/gcc/arm-none-eabi/4.8.4/../../../../arm-none-eabi/lib/armv7-m\libg_n.a(lib_a-exit.o) (_exit)

Allocating common symbols
Common symbol       size              file

SaveRState          0x2               obj\debug\usb-fs\src\usb_int.o
previousState       0x2               obj\debug\src\main.o
HSEStartUpStatus    0x1               obj\debug\src\hw_config.o
timer               0xa               obj\debug\src\main.o
SaveState           0x2               obj\debug\usb-fs\src\usb_init.o
ProtocolValue       0x4               obj\debug\src\usb_prop.o
downButton          0x18              obj\debug\src\hw_config.o
rightButton         0x18              obj\debug\src\hw_config.o
wIstr               0x2               obj\debug\src\usb_istr.o
pProperty           0x4               obj\debug\usb-fs\src\usb_init.o
EPindex             0x1               obj\debug\usb-fs\src\usb_init.o
Report_Buf          0x40              obj\debug\src\usb_prop.o
btn1_prev           0x2               obj\debug\src\hw_config.o
SaveTState          0x2               obj\debug\usb-fs\src\usb_int.o
Device_Info         0x1c              obj\debug\usb-fs\src\usb_init.o
timerPWM            0x10              obj\debug\src\main.o
pUser_Standard_Requests
                    0x4               obj\debug\usb-fs\src\usb_init.o
EXTI_Enable         0x1               obj\debug\src\usb_prop.o
ledIsOn             0x1               obj\debug\src\hw_config.o
StatusInfo          0x2               obj\debug\usb-fs\src\usb_core.o
pInformation        0x4               obj\debug\usb-fs\src\usb_init.o
ResumeS             0x2               obj\debug\src\usb_pwr.o
leftButton          0x18              obj\debug\src\hw_config.o
ledLight            0x2               obj\debug\src\hw_config.o
Buffer              0x5               obj\debug\src\hw_config.o
EP                  0x20              obj\debug\src\usb_pwr.o
EXTI_InitStructure  0x8               obj\debug\src\hw_config.o
port                0x4               obj\debug\src\main.o
btn2_prev           0x2               obj\debug\src\hw_config.o
wInterrupt_Mask     0x2               obj\debug\usb-fs\src\usb_init.o
buttonPreviousState
                    0x2               obj\debug\src\main.o
upButton            0x18              obj\debug\src\hw_config.o

Discarded input sections

 .text          0x00000000        0x0 c:/program files (x86)/embitz/0.42/share/em_armgcc/bin/../lib/gcc/arm-none-eabi/4.8.4/armv7-m/crti.o
 .data          0x00000000        0x0 c:/program files (x86)/embitz/0.42/share/em_armgcc/bin/../lib/gcc/arm-none-eabi/4.8.4/armv7-m/crti.o
 .bss           0x00000000        0x0 c:/program files (x86)/embitz/0.42/share/em_armgcc/bin/../lib/gcc/arm-none-eabi/4.8.4/armv7-m/crti.o
 .data          0x00000000        0x4 c:/program files (x86)/embitz/0.42/share/em_armgcc/bin/../lib/gcc/arm-none-eabi/4.8.4/armv7-m/crtbegin.o
 .data          0x00000000        0x0 c:/program files (x86)/embitz/0.42/share/em_armgcc/bin/../lib/gcc/arm-none-eabi/4.8.4/../../../../arm-none-eabi/lib/armv7-m/crt0.o
 .bss           0x00000000        0x0 c:/program files (x86)/embitz/0.42/share/em_armgcc/bin/../lib/gcc/arm-none-eabi/4.8.4/../../../../arm-none-eabi/lib/armv7-m/crt0.o
 .ARM.extab     0x00000000        0x0 c:/program files (x86)/embitz/0.42/share/em_armgcc/bin/../lib/gcc/arm-none-eabi/4.8.4/../../../../arm-none-eabi/lib/armv7-m/crt0.o
[...]
Memory Configuration

Name             Origin             Length             Attributes
ROM              0x08000000         0x00010000         xr
RAM              0x20000000         0x00005000         xrw
*default*        0x00000000         0xffffffff

Linker script and memory map

LOAD c:/program files (x86)/embitz/0.42/share/em_armgcc/bin/../lib/gcc/arm-none-eabi/4.8.4/armv7-m/crti.o
LOAD c:/program files (x86)/embitz/0.42/share/em_armgcc/bin/../lib/gcc/arm-none-eabi/4.8.4/armv7-m/crtbegin.o
LOAD c:/program files (x86)/embitz/0.42/share/em_armgcc/bin/../lib/gcc/arm-none-eabi/4.8.4/../../../../arm-none-eabi/lib/armv7-m/crt0.o
                0x00000000                __HEAP_SIZE = 0x0
                0x00000100                __STACK_SIZE = 0x100

.text           0x08000000     0x36fc
 *(.isr_vector)
 .isr_vector    0x08000000       0xec obj\debug\src\startup_stm32f10x_md.o
                0x08000000                __isr_vector
 *(.text*)
 .text          0x080000ec       0x54 c:/program files (x86)/embitz/0.42/share/em_armgcc/bin/../lib/gcc/arm-none-eabi/4.8.4/armv7-m/crtbegin.o
 .text          0x08000140       0x74 c:/program files (x86)/embitz/0.42/share/em_armgcc/bin/../lib/gcc/arm-none-eabi/4.8.4/../../../../arm-none-eabi/lib/armv7-m/crt0.o
                0x08000140                _start
                0x08000140                _mainCRTStartup
 .text.NVIC_PriorityGroupConfig
                0x080001b4       0x24 obj\debug\spl\src\misc.o
                0x080001b4                NVIC_PriorityGroupConfig
 .text.NVIC_Init
                0x080001d8       0xc0 obj\debug\spl\src\misc.o
                0x080001d8                NVIC_Init
 .text.EXTI_Init
                0x08000298       0xdc obj\debug\spl\src\stm32f10x_exti.o
                0x08000298                EXTI_Init
 .text.EXTI_ClearITPendingBit
                0x08000374       0x1c obj\debug\spl\src\stm32f10x_exti.o
                0x08000374                EXTI_ClearITPendingBit
 .text.GPIO_Init
                0x08000390      0x178 obj\debug\spl\src\stm32f10x_gpio.o
                0x08000390                GPIO_Init
 .text.GPIO_StructInit
                0x08000508       0x28 obj\debug\spl\src\stm32f10x_gpio.o
                0x08000508                GPIO_StructInit
 .text.GPIO_SetBits
                0x08000530       0x1c obj\debug\spl\src\stm32f10x_gpio.o
                0x08000530                GPIO_SetBits
 .text.GPIO_ResetBits
                0x0800054c       0x1c obj\debug\spl\src\stm32f10x_gpio.o
                0x0800054c                GPIO_ResetBits
 .text.RCC_USBCLKConfig
                0x08000568       0x1c obj\debug\spl\src\stm32f10x_rcc.o
                0x08000568                RCC_USBCLKConfig
 .text.RCC_APB2PeriphClockCmd
                0x08000584       0x3c obj\debug\spl\src\stm32f10x_rcc.o
                0x08000584                RCC_APB2PeriphClockCmd
 .text.RCC_APB1PeriphClockCmd
                0x080005c0       0x3c obj\debug\spl\src\stm32f10x_rcc.o
                0x080005c0                RCC_APB1PeriphClockCmd
 .text.TIM_TimeBaseInit
                0x080005fc       0xf8 obj\debug\spl\src\stm32f10x_tim.o
                0x080005fc                TIM_TimeBaseInit
 .text.TIM_OC1Init
                0x080006f4      0x118 obj\debug\spl\src\stm32f10x_tim.o
                0x080006f4                TIM_OC1Init
 .text.TIM_TimeBaseStructInit
                0x0800080c       0x34 obj\debug\spl\src\stm32f10x_tim.o
                0x0800080c                TIM_TimeBaseStructInit
 .text.TIM_OCStructInit
                0x08000840       0x44 obj\debug\spl\src\stm32f10x_tim.o
                0x08000840                TIM_OCStructInit
 .text.TIM_Cmd  0x08000884       0x40 obj\debug\spl\src\stm32f10x_tim.o
                0x08000884                TIM_Cmd
 .text.TIM_ITConfig
                0x080008c4       0x48 obj\debug\spl\src\stm32f10x_tim.o
                0x080008c4                TIM_ITConfig
 .text.TIM_ClearITPendingBit
                0x0800090c       0x20 obj\debug\spl\src\stm32f10x_tim.o
                0x0800090c                TIM_ClearITPendingBit
 .text.InitializeButtons
                0x0800092c       0x30 obj\debug\src\button.o
                0x0800092c                InitializeButtons
 .text.InitializeButton
                0x0800095c       0x4c obj\debug\src\button.o
                0x0800095c                InitializeButton
 .text.RefreshButtonState
                0x080009a8       0xdc obj\debug\src\button.o
                0x080009a8                RefreshButtonState
 .text.Set_System
                0x08000a84       0x48 obj\debug\src\hw_config.o
                0x08000a84                Set_System
 .text.Set_USBClock
                0x08000acc       0x18 obj\debug\src\hw_config.o
                0x08000acc                Set_USBClock
 .text.Leave_LowPowerMode
                0x08000ae4       0x34 obj\debug\src\hw_config.o
                0x08000ae4                Leave_LowPowerMode
 .text.USB_Interrupts_Config
                0x08000b18       0x3c obj\debug\src\hw_config.o
                0x08000b18                USB_Interrupts_Config
 .text.USB_Cable_Config
                0x08000b54       0x30 obj\debug\src\hw_config.o
                0x08000b54                USB_Cable_Config
 .text.RHIDCheckState
                0x08000b84       0x50 obj\debug\src\hw_config.o
                0x08000b84                RHIDCheckState
 .text.Get_SerialNum
                0x08000bd4       0x54 obj\debug\src\hw_config.o
                0x08000bd4                Get_SerialNum
 .text.IntToUnicode
                0x08000c28       0x78 obj\debug\src\hw_config.o
 .text.InitLED  0x08000ca0       0x30 obj\debug\src\led.o
                0x08000ca0                InitLED
 .text.RefreshLEDState
                0x08000cd0       0x6c obj\debug\src\led.o
                0x08000cd0                RefreshLEDState
 .text.LedOn    0x08000d3c       0x1c obj\debug\src\led.o
                0x08000d3c                LedOn
 .text.LedOff   0x08000d58       0x1c obj\debug\src\led.o
                0x08000d58                LedOff
 .text.LedUp    0x08000d74       0x2c obj\debug\src\led.o
                0x08000d74                LedUp
 .text.LedDown  0x08000da0       0x2c obj\debug\src\led.o
                0x08000da0                LedDown
 .text.NVIC_EnableIRQ
                0x08000dcc       0x30 obj\debug\src\main.o
 .text.main     0x08000dfc       0x94 obj\debug\src\main.o
                0x08000dfc                main
 .text.ConfigureButtons
                0x08000e90       0x74 obj\debug\src\main.o
                0x08000e90                ConfigureButtons
 .text.InitializeTimer
                0x08000f04       0x90 obj\debug\src\main.o
                0x08000f04                InitializeTimer
 .text.InitializeTimers
                0x08000f94       0x28 obj\debug\src\main.o
                0x08000f94                InitializeTimers
 .text.TIM4_IRQHandler
                0x08000fbc       0x4c obj\debug\src\main.o
                0x08000fbc                TIM4_IRQHandler
 .text          0x08001008       0xb8 obj\debug\src\startup_stm32f10x_md.o
                0x08001008                Reset_Handler
                0x08001060                Default_Handler
                0x08001062                WWDG_IRQHandler
                0x08001064                PVD_IRQHandler
                0x08001066                TAMPER_IRQHandler
                0x08001068                RTC_IRQHandler
                0x0800106a                FLASH_IRQHandler
                0x0800106c                RCC_IRQHandler
                0x0800106e                EXTI0_IRQHandler
                0x08001070                EXTI1_IRQHandler
                0x08001072                EXTI2_IRQHandler
                0x08001074                EXTI3_IRQHandler
                0x08001076                EXTI4_IRQHandler
                0x08001078                DMA1_Channel1_IRQHandler
                0x0800107a                DMA1_Channel2_IRQHandler
                0x0800107c                DMA1_Channel3_IRQHandler
                0x0800107e                DMA1_Channel4_IRQHandler
                0x08001080                DMA1_Channel5_IRQHandler
                0x08001082                DMA1_Channel6_IRQHandler
                0x08001084                DMA1_Channel7_IRQHandler
                0x08001086                ADC1_2_IRQHandler
                0x08001088                USB_HP_CAN1_TX_IRQHandler
                0x0800108c                CAN1_RX1_IRQHandler
                0x0800108e                CAN1_SCE_IRQHandler
                0x08001090                EXTI9_5_IRQHandler
                0x08001092                TIM1_BRK_IRQHandler
                0x08001094                TIM1_UP_IRQHandler
                0x08001096                TIM1_TRG_COM_IRQHandler
                0x08001098                TIM1_CC_IRQHandler
                0x0800109a                TIM2_IRQHandler
                0x0800109c                TIM3_IRQHandler
                0x080010a0                I2C1_EV_IRQHandler
                0x080010a2                I2C1_ER_IRQHandler
                0x080010a4                I2C2_EV_IRQHandler
                0x080010a6                I2C2_ER_IRQHandler
                0x080010a8                SPI1_IRQHandler
                0x080010aa                SPI2_IRQHandler
                0x080010ac                USART1_IRQHandler
                0x080010ae                USART2_IRQHandler
                0x080010b0                USART3_IRQHandler
                0x080010b2                EXTI15_10_IRQHandler
                0x080010b4                RTCAlarm_IRQHandler
 .text.NMI_Handler
                0x080010c0        0xc obj\debug\src\stm32_it.o
                0x080010c0                NMI_Handler
 .text.HardFault_Handler
                0x080010cc        0x8 obj\debug\src\stm32_it.o
                0x080010cc                HardFault_Handler
 .text.MemManage_Handler
                0x080010d4        0x8 obj\debug\src\stm32_it.o
                0x080010d4                MemManage_Handler
 .text.BusFault_Handler
                0x080010dc        0x8 obj\debug\src\stm32_it.o
                0x080010dc                BusFault_Handler
 .text.UsageFault_Handler
                0x080010e4        0x8 obj\debug\src\stm32_it.o
                0x080010e4                UsageFault_Handler
 .text.SVC_Handler
                0x080010ec        0xc obj\debug\src\stm32_it.o
                0x080010ec                SVC_Handler
 .text.DebugMon_Handler
                0x080010f8        0xc obj\debug\src\stm32_it.o
                0x080010f8                DebugMon_Handler
 .text.PendSV_Handler
                0x08001104        0xc obj\debug\src\stm32_it.o
                0x08001104                PendSV_Handler
 .text.SysTick_Handler
                0x08001110        0xc obj\debug\src\stm32_it.o
                0x08001110                SysTick_Handler
 .text.USB_LP_CAN1_RX0_IRQHandler
                0x0800111c        0xc obj\debug\src\stm32_it.o
                0x0800111c                USB_LP_CAN1_RX0_IRQHandler
 .text.USBWakeUp_IRQHandler
                0x08001128       0x10 obj\debug\src\stm32_it.o
                0x08001128                USBWakeUp_IRQHandler
 .text.SystemInit
                0x08001138       0x68 obj\debug\src\system_stm32f10x.o
                0x08001138                SystemInit
 .text.SetSysClock
                0x080011a0        0xc obj\debug\src\system_stm32f10x.o
 .text.SetSysClockTo72
                0x080011ac      0x100 obj\debug\src\system_stm32f10x.o
 .text.EP1_OUT_Callback
                0x080012ac       0x64 obj\debug\src\usb_endp.o
                0x080012ac                EP1_OUT_Callback
 .text.EP1_IN_Callback
                0x08001310       0x18 obj\debug\src\usb_endp.o
                0x08001310                EP1_IN_Callback
 .text.USB_Istr
                0x08001328      0x240 obj\debug\src\usb_istr.o
                0x08001328                USB_Istr
 .text.HID_init
                0x08001568       0x28 obj\debug\src\usb_prop.o
                0x08001568                HID_init
 .text.HID_Reset
                0x08001590       0xc0 obj\debug\src\usb_prop.o
                0x08001590                HID_Reset
 .text.HID_SetConfiguration
                0x08001650       0x2c obj\debug\src\usb_prop.o
                0x08001650                HID_SetConfiguration
 .text.HID_SetDeviceAddress
                0x0800167c       0x18 obj\debug\src\usb_prop.o
                0x0800167c                HID_SetDeviceAddress
 .text.HID_Status_In
                0x08001694        0xc obj\debug\src\usb_prop.o
                0x08001694                HID_Status_In
 .text.HID_Status_Out
                0x080016a0        0xc obj\debug\src\usb_prop.o
                0x080016a0                HID_Status_Out
 .text.HID_Data_Setup
                0x080016ac       0xbc obj\debug\src\usb_prop.o
                0x080016ac                HID_Data_Setup
 .text.HID_SetReport_Feature
                0x08001768       0x34 obj\debug\src\usb_prop.o
                0x08001768                HID_SetReport_Feature
 .text.HID_NoData_Setup
                0x0800179c       0x34 obj\debug\src\usb_prop.o
                0x0800179c                HID_NoData_Setup
 .text.HID_GetDeviceDescriptor
                0x080017d0       0x24 obj\debug\src\usb_prop.o
                0x080017d0                HID_GetDeviceDescriptor
 .text.HID_GetConfigDescriptor
                0x080017f4       0x24 obj\debug\src\usb_prop.o
                0x080017f4                HID_GetConfigDescriptor
 .text.HID_GetStringDescriptor
                0x08001818       0x40 obj\debug\src\usb_prop.o
                0x08001818                HID_GetStringDescriptor
 .text.HID_GetReportDescriptor
                0x08001858       0x24 obj\debug\src\usb_prop.o
                0x08001858                HID_GetReportDescriptor
 .text.HID_GetHIDDescriptor
                0x0800187c       0x24 obj\debug\src\usb_prop.o
                0x0800187c                HID_GetHIDDescriptor
 .text.HID_Get_Interface_Setting
                0x080018a0       0x30 obj\debug\src\usb_prop.o
                0x080018a0                HID_Get_Interface_Setting
 .text.HID_SetProtocol
                0x080018d0       0x2c obj\debug\src\usb_prop.o
                0x080018d0                HID_SetProtocol
 .text.HID_GetProtocolValue
                0x080018fc       0x34 obj\debug\src\usb_prop.o
                0x080018fc                HID_GetProtocolValue
 .text.PowerOn  0x08001930       0x50 obj\debug\src\usb_pwr.o
                0x08001930                PowerOn
 .text.Suspend  0x08001980      0x16c obj\debug\src\usb_pwr.o
                0x08001980                Suspend
 .text.Resume_Init
                0x08001aec       0x30 obj\debug\src\usb_pwr.o
                0x08001aec                Resume_Init
 .text.Resume   0x08001b1c      0x128 obj\debug\src\usb_pwr.o
                0x08001b1c                Resume
 .text.Standard_GetConfiguration
                0x08001c44       0x3c obj\debug\usb-fs\src\usb_core.o
                0x08001c44                Standard_GetConfiguration
 .text.Standard_SetConfiguration
                0x08001c80       0x50 obj\debug\usb-fs\src\usb_core.o
                0x08001c80                Standard_SetConfiguration
 .text.Standard_GetInterface
                0x08001cd0       0x3c obj\debug\usb-fs\src\usb_core.o
                0x08001cd0                Standard_GetInterface
 .text.Standard_SetInterface
                0x08001d0c       0x8c obj\debug\usb-fs\src\usb_core.o
                0x08001d0c                Standard_SetInterface
 .text.Standard_GetStatus
                0x08001d98      0x138 obj\debug\usb-fs\src\usb_core.o
                0x08001d98                Standard_GetStatus
 .text.Standard_ClearFeature
                0x08001ed0      0x1d8 obj\debug\usb-fs\src\usb_core.o
                0x08001ed0                Standard_ClearFeature
 .text.Standard_SetEndPointFeature
                0x080020a8      0x118 obj\debug\usb-fs\src\usb_core.o
                0x080020a8                Standard_SetEndPointFeature
 .text.Standard_SetDeviceFeature
                0x080021c0       0x2c obj\debug\usb-fs\src\usb_core.o
                0x080021c0                Standard_SetDeviceFeature
 .text.Standard_GetDescriptorData
                0x080021ec       0x48 obj\debug\usb-fs\src\usb_core.o
                0x080021ec                Standard_GetDescriptorData
 .text.DataStageOut
                0x08002234      0x104 obj\debug\usb-fs\src\usb_core.o
 .text.DataStageIn
                0x08002338      0x10c obj\debug\usb-fs\src\usb_core.o
 .text.NoData_Setup0
                0x08002444      0x194 obj\debug\usb-fs\src\usb_core.o
 .text.Data_Setup0
                0x080025d8      0x324 obj\debug\usb-fs\src\usb_core.o
 .text.Setup0_Process
                0x080028fc       0xd8 obj\debug\usb-fs\src\usb_core.o
                0x080028fc                Setup0_Process
 .text.In0_Process
                0x080029d4       0x90 obj\debug\usb-fs\src\usb_core.o
                0x080029d4                In0_Process
 .text.Out0_Process
                0x08002a64       0x74 obj\debug\usb-fs\src\usb_core.o
                0x08002a64                Out0_Process
 .text.Post0_Process
                0x08002ad8       0x50 obj\debug\usb-fs\src\usb_core.o
                0x08002ad8                Post0_Process
 .text.SetDeviceAddress
                0x08002b28       0x7c obj\debug\usb-fs\src\usb_core.o
                0x08002b28                SetDeviceAddress
 .text.NOP_Process
                0x08002ba4        0xc obj\debug\usb-fs\src\usb_core.o
                0x08002ba4                NOP_Process
 .text.USB_Init
                0x08002bb0       0x40 obj\debug\usb-fs\src\usb_init.o
                0x08002bb0                USB_Init
 .text.CTR_LP   0x08002bf0      0x308 obj\debug\usb-fs\src\usb_int.o
                0x08002bf0                CTR_LP
 .text.UserToPMABufferCopy
                0x08002ef8       0x74 obj\debug\usb-fs\src\usb_mem.o
                0x08002ef8                UserToPMABufferCopy
 .text.PMAToUserBufferCopy
                0x08002f6c       0x5c obj\debug\usb-fs\src\usb_mem.o
                0x08002f6c                PMAToUserBufferCopy
 .text.SetBTABLE
                0x08002fc8       0x24 obj\debug\usb-fs\src\usb_regs.o
                0x08002fc8                SetBTABLE
 .text.SetEPType
                0x08002fec       0x48 obj\debug\usb-fs\src\usb_regs.o
                0x08002fec                SetEPType
 .text.SetEPTxStatus
                0x08003034       0x6c obj\debug\usb-fs\src\usb_regs.o
                0x08003034                SetEPTxStatus
 .text.SetEPRxStatus
                0x080030a0       0x6c obj\debug\usb-fs\src\usb_regs.o
                0x080030a0                SetEPRxStatus
 .text.SetEPTxValid
                0x0800310c       0x50 obj\debug\usb-fs\src\usb_regs.o
                0x0800310c                SetEPTxValid
 .text.SetEPRxValid
                0x0800315c       0x50 obj\debug\usb-fs\src\usb_regs.o
                0x0800315c                SetEPRxValid
 .text.Clear_Status_Out
                0x080031ac       0x50 obj\debug\usb-fs\src\usb_regs.o
                0x080031ac                Clear_Status_Out
 .text.ClearDTOG_RX
                0x080031fc       0x5c obj\debug\usb-fs\src\usb_regs.o
                0x080031fc                ClearDTOG_RX
 .text.ClearDTOG_TX
                0x08003258       0x5c obj\debug\usb-fs\src\usb_regs.o
                0x08003258                ClearDTOG_TX
 .text.SetEPTxAddr
                0x080032b4       0x40 obj\debug\usb-fs\src\usb_regs.o
                0x080032b4                SetEPTxAddr
 .text.SetEPRxAddr
                0x080032f4       0x40 obj\debug\usb-fs\src\usb_regs.o
                0x080032f4                SetEPRxAddr
 .text.GetEPTxAddr
                0x08003334       0x38 obj\debug\usb-fs\src\usb_regs.o
                0x08003334                GetEPTxAddr
 .text.GetEPRxAddr
                0x0800336c       0x38 obj\debug\usb-fs\src\usb_regs.o
                0x0800336c                GetEPRxAddr
 .text.SetEPTxCount
                0x080033a4       0x38 obj\debug\usb-fs\src\usb_regs.o
                0x080033a4                SetEPTxCount
 .text.SetEPRxCount
                0x080033dc       0x84 obj\debug\usb-fs\src\usb_regs.o
                0x080033dc                SetEPRxCount
 .text.GetEPRxCount
                0x08003460       0x3c obj\debug\usb-fs\src\usb_regs.o
                0x08003460                GetEPRxCount
 .text.ByteSwap
                0x0800349c       0x30 obj\debug\usb-fs\src\usb_regs.o
                0x0800349c                ByteSwap
 .text.USB_SIL_Init
                0x080034cc       0x34 obj\debug\usb-fs\src\usb_sil.o
                0x080034cc                USB_SIL_Init
 .text.USB_SIL_Write
                0x08003500       0x4c obj\debug\usb-fs\src\usb_sil.o
                0x08003500                USB_SIL_Write
 .text.USB_SIL_Read
                0x0800354c       0x4c obj\debug\usb-fs\src\usb_sil.o
                0x0800354c                USB_SIL_Read
 .text.exit     0x08003598       0x28 c:/program files (x86)/embitz/0.42/share/em_armgcc/bin/../lib/gcc/arm-none-eabi/4.8.4/../../../../arm-none-eabi/lib/armv7-m\libg_n.a(lib_a-exit.o)
                0x08003598                exit
 .text.__libc_init_array
                0x080035c0       0x4c c:/program files (x86)/embitz/0.42/share/em_armgcc/bin/../lib/gcc/arm-none-eabi/4.8.4/../../../../arm-none-eabi/lib/armv7-m\libg_n.a(lib_a-init.o)
                0x080035c0                __libc_init_array
 .text.memset   0x0800360c       0x10 c:/program files (x86)/embitz/0.42/share/em_armgcc/bin/../lib/gcc/arm-none-eabi/4.8.4/../../../../arm-none-eabi/lib/armv7-m\libg_n.a(lib_a-memset.o)
                0x0800360c                memset
 .text          0x0800361c        0x2 c:/program files (x86)/embitz/0.42/share/em_armgcc/bin/../lib/gcc/arm-none-eabi/4.8.4/../../../../arm-none-eabi/lib/armv7-m\libnosys_s.a(_exit.o)
                0x0800361c                _exit
 *(.init)
 *fill*         0x0800361e        0x2 
 .init          0x08003620        0x4 c:/program files (x86)/embitz/0.42/share/em_armgcc/bin/../lib/gcc/arm-none-eabi/4.8.4/armv7-m/crti.o
                0x08003620                _init
 .init          0x08003624        0x8 c:/program files (x86)/embitz/0.42/share/em_armgcc/bin/../lib/gcc/arm-none-eabi/4.8.4/armv7-m/crtn.o
 *(.fini)
 .fini          0x0800362c        0x4 c:/program files (x86)/embitz/0.42/share/em_armgcc/bin/../lib/gcc/arm-none-eabi/4.8.4/armv7-m/crti.o
                0x0800362c                _fini
 .fini          0x08003630        0x8 c:/program files (x86)/embitz/0.42/share/em_armgcc/bin/../lib/gcc/arm-none-eabi/4.8.4/armv7-m/crtn.o
 *crtbegin.o(.ctors)
 *crtbegin?.o(.ctors)
 *(EXCLUDE_FILE(*crtend.o *crtend?.o) .ctors)
 *(SORT(.ctors.*))
 *(.ctors)
 *crtbegin.o(.dtors)
 *crtbegin?.o(.dtors)
 *(EXCLUDE_FILE(*crtend.o *crtend?.o) .dtors)
 *(SORT(.dtors.*))
 *(.dtors)
 *(.rodata*)
 .rodata.RHID_DeviceDescriptor
                0x08003638       0x14 obj\debug\src\usb_desc.o
                0x08003638                RHID_DeviceDescriptor
 .rodata.RHID_ConfigDescriptor
                0x0800364c       0x2c obj\debug\src\usb_desc.o
                0x0800364c                RHID_ConfigDescriptor
 .rodata.RHID_ReportDescriptor
                0x08003678       0x50 obj\debug\src\usb_desc.o
                0x08003678                RHID_ReportDescriptor
 .rodata.RHID_StringLangID
                0x080036c8        0x4 obj\debug\src\usb_desc.o
                0x080036c8                RHID_StringLangID
 .rodata.RHID_StringVendor
                0x080036cc        0xc obj\debug\src\usb_desc.o
                0x080036cc                RHID_StringVendor
 .rodata.RHID_StringProduct
                0x080036d8       0x18 obj\debug\src\usb_desc.o
                0x080036d8                RHID_StringProduct
 .rodata.str1.1
                0x080036f0        0x2 c:/program files (x86)/embitz/0.42/share/em_armgcc/bin/../lib/gcc/arm-none-eabi/4.8.4/../../../../arm-none-eabi/lib/armv7-m\libg_n.a(lib_a-impure.o)
 *fill*         0x080036f2        0x2 
 .rodata._global_impure_ptr
                0x080036f4        0x4 c:/program files (x86)/embitz/0.42/share/em_armgcc/bin/../lib/gcc/arm-none-eabi/4.8.4/../../../../arm-none-eabi/lib/armv7-m\libg_n.a(lib_a-impure.o)
                0x080036f4                _global_impure_ptr
 *(.eh_frame*)
 .eh_frame      0x080036f8        0x0 c:/program files (x86)/embitz/0.42/share/em_armgcc/bin/../lib/gcc/arm-none-eabi/4.8.4/armv7-m/crtbegin.o
 .eh_frame      0x080036f8        0x4 c:/program files (x86)/embitz/0.42/share/em_armgcc/bin/../lib/gcc/arm-none-eabi/4.8.4/armv7-m/crtend.o

.glue_7         0x080036fc        0x0
 .glue_7        0x00000000        0x0 linker stubs

.glue_7t        0x080036fc        0x0
 .glue_7t       0x00000000        0x0 linker stubs

.vfp11_veneer   0x080036fc        0x0
 .vfp11_veneer  0x00000000        0x0 linker stubs

.v4_bx          0x080036fc        0x0
 .v4_bx         0x00000000        0x0 linker stubs

.iplt           0x080036fc        0x0
 .iplt          0x00000000        0x0 c:/program files (x86)/embitz/0.42/share/em_armgcc/bin/../lib/gcc/arm-none-eabi/4.8.4/armv7-m/crtbegin.o

.ARM.extab
 *(.ARM.extab* .gnu.linkonce.armextab.*)
                0x080036fc                __exidx_start = .

.ARM.exidx      0x080036fc        0x8
 *(.ARM.exidx* .gnu.linkonce.armexidx.*)
 .ARM.exidx     0x080036fc        0x8 c:/program files (x86)/embitz/0.42/share/em_armgcc/bin/../lib/gcc/arm-none-eabi/4.8.4/../../../../arm-none-eabi/lib/armv7-m/crt0.o
                0x08003704                __exidx_end = .
                0x08003704                __etext = .

.rel.dyn        0x08003704        0x0
 .rel.iplt      0x00000000        0x0 c:/program files (x86)/embitz/0.42/share/em_armgcc/bin/../lib/gcc/arm-none-eabi/4.8.4/armv7-m/crtbegin.o

.data           0x20000000      0x15c load address 0x08003704
                0x20000000                __data_start__ = .
 *(vtable)
 *(.data*)
 .data.PrevXferComplete
                0x20000000        0x1 obj\debug\src\main.o
                0x20000000                PrevXferComplete
 *fill*         0x20000001        0x3 
 .data.RHID_StringSerial
                0x20000004       0x1c obj\debug\src\usb_desc.o
                0x20000004                RHID_StringSerial
 .data.pEpInt_IN
                0x20000020       0x1c obj\debug\src\usb_istr.o
                0x20000020                pEpInt_IN
 .data.pEpInt_OUT
                0x2000003c       0x1c obj\debug\src\usb_istr.o
                0x2000003c                pEpInt_OUT
 .data.Device_Table
                0x20000058        0x4 obj\debug\src\usb_prop.o
                0x20000058                Device_Table
 .data.Device_Property
                0x2000005c       0x30 obj\debug\src\usb_prop.o
                0x2000005c                Device_Property
 .data.User_Standard_Requests
                0x2000008c       0x24 obj\debug\src\usb_prop.o
                0x2000008c                User_Standard_Requests
 .data.Device_Descriptor
                0x200000b0        0x8 obj\debug\src\usb_prop.o
                0x200000b0                Device_Descriptor
 .data.Config_Descriptor
                0x200000b8        0x8 obj\debug\src\usb_prop.o
                0x200000b8                Config_Descriptor
 .data.RHID_Report_Descriptor
                0x200000c0        0x8 obj\debug\src\usb_prop.o
                0x200000c0                RHID_Report_Descriptor
 .data.RHID_Hid_Descriptor
                0x200000c8        0x8 obj\debug\src\usb_prop.o
                0x200000c8                RHID_Hid_Descriptor
 .data.String_Descriptor
                0x200000d0       0x20 obj\debug\src\usb_prop.o
                0x200000d0                String_Descriptor
 .data.fSuspendEnabled
                0x200000f0        0x1 obj\debug\src\usb_pwr.o
                0x200000f0                fSuspendEnabled
 *fill*         0x200000f1        0x3 
 .data.impure_data
                0x200000f4       0x60 c:/program files (x86)/embitz/0.42/share/em_armgcc/bin/../lib/gcc/arm-none-eabi/4.8.4/../../../../arm-none-eabi/lib/armv7-m\libg_n.a(lib_a-impure.o)
                0x20000154                . = ALIGN (0x4)
                0x20000154                PROVIDE (__preinit_array_start, .)
 *(.preinit_array)
                0x20000154                PROVIDE (__preinit_array_end, .)
                0x20000154                . = ALIGN (0x4)
                0x20000154                PROVIDE (__init_array_start, .)
 *(SORT(.init_array.*))
 *(.init_array)
 .init_array    0x20000154        0x4 c:/program files (x86)/embitz/0.42/share/em_armgcc/bin/../lib/gcc/arm-none-eabi/4.8.4/armv7-m/crtbegin.o
                0x20000158                PROVIDE (__init_array_end, .)
                0x20000158                . = ALIGN (0x4)
                0x20000158                PROVIDE (__fini_array_start, .)
 *(SORT(.fini_array.*))
 *(.fini_array)
 .fini_array    0x20000158        0x4 c:/program files (x86)/embitz/0.42/share/em_armgcc/bin/../lib/gcc/arm-none-eabi/4.8.4/armv7-m/crtbegin.o
                0x2000015c                PROVIDE (__fini_array_end, .)
                0x2000015c                . = ALIGN (0x4)
                0x2000015c                __data_end__ = .

.jcr            0x2000015c        0x0 load address 0x08003860
 .jcr           0x2000015c        0x0 c:/program files (x86)/embitz/0.42/share/em_armgcc/bin/../lib/gcc/arm-none-eabi/4.8.4/armv7-m/crtbegin.o

.igot.plt       0x2000015c        0x0 load address 0x08003860
 .igot.plt      0x00000000        0x0 c:/program files (x86)/embitz/0.42/share/em_armgcc/bin/../lib/gcc/arm-none-eabi/4.8.4/armv7-m/crtbegin.o

.bss            0x2000015c      0x186 load address 0x08003860
                0x2000015c                __bss_start__ = .
 *(.bss*)
 .bss           0x2000015c       0x1c c:/program files (x86)/embitz/0.42/share/em_armgcc/bin/../lib/gcc/arm-none-eabi/4.8.4/armv7-m/crtbegin.o
 .bss.ledOn.6590
                0x20000178        0x2 obj\debug\src\led.o
 .bss.bIntPackSOF
                0x2000017a        0x1 obj\debug\src\usb_istr.o
                0x2000017a                bIntPackSOF
 *fill*         0x2000017b        0x1 
 .bss.esof_counter
                0x2000017c        0x4 obj\debug\src\usb_istr.o
                0x2000017c                esof_counter
 .bss.wCNTR     0x20000180        0x4 obj\debug\src\usb_istr.o
                0x20000180                wCNTR
 .bss.Request   0x20000184        0x1 obj\debug\src\usb_prop.o
                0x20000184                Request
 *fill*         0x20000185        0x3 
 .bss.bDeviceState
                0x20000188        0x4 obj\debug\src\usb_pwr.o
                0x20000188                bDeviceState
 .bss.remotewakeupon
                0x2000018c        0x4 obj\debug\src\usb_pwr.o
                0x2000018c                remotewakeupon
 .bss.Data_Mul_MaxPacketSize
                0x20000190        0x1 obj\debug\usb-fs\src\usb_core.o
                0x20000190                Data_Mul_MaxPacketSize
 *(COMMON)
 *fill*         0x20000191        0x3 
 COMMON         0x20000194       0x80 obj\debug\src\hw_config.o
                0x20000194                HSEStartUpStatus
                0x20000198                downButton
                0x200001b0                rightButton
                0x200001c8                btn1_prev
                0x200001ca                ledIsOn
                0x200001cc                leftButton
                0x200001e4                ledLight
                0x200001e8                Buffer
                0x200001f0                EXTI_InitStructure
                0x200001f8                btn2_prev
                0x200001fc                upButton
 COMMON         0x20000214       0x26 obj\debug\src\main.o
                0x20000214                previousState
                0x20000218                timer
                0x20000224                timerPWM
                0x20000234                port
                0x20000238                buttonPreviousState
 COMMON         0x2000023a        0x2 obj\debug\src\usb_istr.o
                0x2000023a                wIstr
 COMMON         0x2000023c       0x45 obj\debug\src\usb_prop.o
                0x2000023c                ProtocolValue
                0x20000240                Report_Buf
                0x20000280                EXTI_Enable
 *fill*         0x20000281        0x3 
 COMMON         0x20000284       0x24 obj\debug\src\usb_pwr.o
                0x20000284                ResumeS
                0x20000288                EP
 COMMON         0x200002a8        0x2 obj\debug\usb-fs\src\usb_core.o
                0x200002a8                StatusInfo
 *fill*         0x200002aa        0x2 
 COMMON         0x200002ac       0x32 obj\debug\usb-fs\src\usb_init.o
                0x200002ac                SaveState
                0x200002b0                pProperty
                0x200002b4                EPindex
                0x200002b8                Device_Info
                0x200002d4                pUser_Standard_Requests
                0x200002d8                pInformation
                0x200002dc                wInterrupt_Mask
 COMMON         0x200002de        0x4 obj\debug\usb-fs\src\usb_int.o
                0x200002de                SaveRState
                0x200002e0                SaveTState
                0x200002e2                __bss_end__ = .

.heap           0x200002e8        0x0
                0x200002e8                __end__ = .
                0x200002e8                end = __end__
 *(.heap*)
 .heap          0x200002e8        0x0 obj\debug\src\startup_stm32f10x_md.o
                0x200002e8                __HeapLimit = .

.stack_dummy    0x200002e8      0x100
 *(.stack)
 .stack         0x200002e8      0x100 obj\debug\src\startup_stm32f10x_md.o
                0x20005000                __StackTop = (ORIGIN (RAM) + 0x5000)
                0x20004f00                __StackLimit = (__StackTop - SIZEOF (.stack_dummy))
                0x20005000                PROVIDE (__stack, __StackTop)
                0x00000001                ASSERT ((__StackLimit >= __HeapLimit), region RAM overflowed with stack)
LOAD obj\debug\spl\src\misc.o
LOAD obj\debug\spl\src\stm32f10x_adc.o
LOAD obj\debug\spl\src\stm32f10x_bkp.o
LOAD obj\debug\spl\src\stm32f10x_can.o
LOAD obj\debug\spl\src\stm32f10x_cec.o
LOAD obj\debug\spl\src\stm32f10x_crc.o
LOAD obj\debug\spl\src\stm32f10x_dac.o
LOAD obj\debug\spl\src\stm32f10x_dbgmcu.o
LOAD obj\debug\spl\src\stm32f10x_dma.o
LOAD obj\debug\spl\src\stm32f10x_exti.o
LOAD obj\debug\spl\src\stm32f10x_flash.o
LOAD obj\debug\spl\src\stm32f10x_fsmc.o
LOAD obj\debug\spl\src\stm32f10x_gpio.o
LOAD obj\debug\spl\src\stm32f10x_i2c.o
LOAD obj\debug\spl\src\stm32f10x_iwdg.o
LOAD obj\debug\spl\src\stm32f10x_pwr.o
LOAD obj\debug\spl\src\stm32f10x_rcc.o
LOAD obj\debug\spl\src\stm32f10x_rtc.o
LOAD obj\debug\spl\src\stm32f10x_sdio.o
LOAD obj\debug\spl\src\stm32f10x_spi.o
LOAD obj\debug\spl\src\stm32f10x_tim.o
LOAD obj\debug\spl\src\stm32f10x_usart.o
LOAD obj\debug\spl\src\stm32f10x_wwdg.o
LOAD obj\debug\src\button.o
LOAD obj\debug\src\hw_config.o
LOAD obj\debug\src\led.o
LOAD obj\debug\src\main.o
LOAD obj\debug\src\startup_stm32f10x_md.o
LOAD obj\debug\src\stm32_it.o
LOAD obj\debug\src\system_stm32f10x.o
LOAD obj\debug\src\usb_desc.o
LOAD obj\debug\src\usb_endp.o
LOAD obj\debug\src\usb_istr.o
LOAD obj\debug\src\usb_prop.o
LOAD obj\debug\src\usb_pwr.o
LOAD obj\debug\usb-fs\src\usb_core.o
LOAD obj\debug\usb-fs\src\usb_init.o
LOAD obj\debug\usb-fs\src\usb_int.o
LOAD obj\debug\usb-fs\src\usb_mem.o
LOAD obj\debug\usb-fs\src\usb_regs.o
LOAD obj\debug\usb-fs\src\usb_sil.o
START GROUP
LOAD c:/program files (x86)/embitz/0.42/share/em_armgcc/bin/../lib/gcc/arm-none-eabi/4.8.4/armv7-m\libgcc.a
LOAD c:/program files (x86)/embitz/0.42/share/em_armgcc/bin/../lib/gcc/arm-none-eabi/4.8.4/../../../../arm-none-eabi/lib/armv7-m\libg_n.a
LOAD c:/program files (x86)/embitz/0.42/share/em_armgcc/bin/../lib/gcc/arm-none-eabi/4.8.4/../../../../arm-none-eabi/lib/armv7-m\libc_n.a
END GROUP
START GROUP
LOAD c:/program files (x86)/embitz/0.42/share/em_armgcc/bin/../lib/gcc/arm-none-eabi/4.8.4/armv7-m\libgcc.a
LOAD c:/program files (x86)/embitz/0.42/share/em_armgcc/bin/../lib/gcc/arm-none-eabi/4.8.4/../../../../arm-none-eabi/lib/armv7-m\libc_n.a
LOAD c:/program files (x86)/embitz/0.42/share/em_armgcc/bin/../lib/gcc/arm-none-eabi/4.8.4/../../../../arm-none-eabi/lib/armv7-m\libnosys_s.a
END GROUP
LOAD c:/program files (x86)/embitz/0.42/share/em_armgcc/bin/../lib/gcc/arm-none-eabi/4.8.4/armv7-m/crtend.o
LOAD c:/program files (x86)/embitz/0.42/share/em_armgcc/bin/../lib/gcc/arm-none-eabi/4.8.4/armv7-m/crtn.o
OUTPUT(bin\Debug\LED.elf elf32-littlearm)

.ARM.attributes
                0x00000000       0x29
 .ARM.attributes
                0x00000000       0x1d c:/program files (x86)/embitz/0.42/share/em_armgcc/bin/../lib/gcc/arm-none-eabi/4.8.4/armv7-m/crti.o
 .ARM.attributes
                0x0000001d       0x2d c:/program files (x86)/embitz/0.42/share/em_armgcc/bin/../lib/gcc/arm-none-eabi/4.8.4/armv7-m/crtbegin.o
 .ARM.attributes
                0x0000004a       0x1b c:/program files (x86)/embitz/0.42/share/em_armgcc/bin/../lib/gcc/arm-none-eabi/4.8.4/../../../../arm-none-eabi/lib/armv7-m/crt0.o
 .ARM.attributes
                0x00000065       0x33 obj\debug\spl\src\misc.o
 .ARM.attributes
                0x00000098       0x33 obj\debug\spl\src\stm32f10x_exti.o
 .ARM.attributes
                0x000000cb       0x33 obj\debug\spl\src\stm32f10x_gpio.o
 .ARM.attributes
                0x000000fe       0x33 obj\debug\spl\src\stm32f10x_rcc.o
 .ARM.attributes
                0x00000131       0x33 obj\debug\spl\src\stm32f10x_tim.o
 .ARM.attributes
                0x00000164       0x33 obj\debug\src\button.o
 .ARM.attributes
                0x00000197       0x33 obj\debug\src\hw_config.o
 .ARM.attributes
                0x000001ca       0x33 obj\debug\src\led.o
 .ARM.attributes
                0x000001fd       0x33 obj\debug\src\main.o
 .ARM.attributes
                0x00000230       0x1b obj\debug\src\startup_stm32f10x_md.o
 .ARM.attributes
                0x0000024b       0x33 obj\debug\src\stm32_it.o
 .ARM.attributes
                0x0000027e       0x33 obj\debug\src\system_stm32f10x.o
 .ARM.attributes
                0x000002b1       0x33 obj\debug\src\usb_desc.o
 .ARM.attributes
                0x000002e4       0x33 obj\debug\src\usb_endp.o
 .ARM.attributes
                0x00000317       0x33 obj\debug\src\usb_istr.o
 .ARM.attributes
                0x0000034a       0x33 obj\debug\src\usb_prop.o
 .ARM.attributes
                0x0000037d       0x33 obj\debug\src\usb_pwr.o
 .ARM.attributes
                0x000003b0       0x33 obj\debug\usb-fs\src\usb_core.o
 .ARM.attributes
                0x000003e3       0x33 obj\debug\usb-fs\src\usb_init.o
 .ARM.attributes
                0x00000416       0x33 obj\debug\usb-fs\src\usb_int.o
 .ARM.attributes
                0x00000449       0x33 obj\debug\usb-fs\src\usb_mem.o
 .ARM.attributes
                0x0000047c       0x33 obj\debug\usb-fs\src\usb_regs.o
 .ARM.attributes
                0x000004af       0x33 obj\debug\usb-fs\src\usb_sil.o
 .ARM.attributes
                0x000004e2       0x2d c:/program files (x86)/embitz/0.42/share/em_armgcc/bin/../lib/gcc/arm-none-eabi/4.8.4/../../../../arm-none-eabi/lib/armv7-m\libg_n.a(lib_a-exit.o)
 .ARM.attributes
                0x0000050f       0x2d c:/program files (x86)/embitz/0.42/share/em_armgcc/bin/../lib/gcc/arm-none-eabi/4.8.4/../../../../arm-none-eabi/lib/armv7-m\libg_n.a(lib_a-impure.o)
 .ARM.attributes
                0x0000053c       0x2d c:/program files (x86)/embitz/0.42/share/em_armgcc/bin/../lib/gcc/arm-none-eabi/4.8.4/../../../../arm-none-eabi/lib/armv7-m\libg_n.a(lib_a-init.o)
 .ARM.attributes
                0x00000569       0x2d c:/program files (x86)/embitz/0.42/share/em_armgcc/bin/../lib/gcc/arm-none-eabi/4.8.4/../../../../arm-none-eabi/lib/armv7-m\libg_n.a(lib_a-memset.o)
 .ARM.attributes
                0x00000596       0x2d c:/program files (x86)/embitz/0.42/share/em_armgcc/bin/../lib/gcc/arm-none-eabi/4.8.4/../../../../arm-none-eabi/lib/armv7-m\libnosys_s.a(_exit.o)
 .ARM.attributes
                0x000005c3       0x2d c:/program files (x86)/embitz/0.42/share/em_armgcc/bin/../lib/gcc/arm-none-eabi/4.8.4/armv7-m/crtend.o
 .ARM.attributes
                0x000005f0       0x1d c:/program files (x86)/embitz/0.42/share/em_armgcc/bin/../lib/gcc/arm-none-eabi/4.8.4/armv7-m/crtn.o

.comment        0x00000000       0x46
 .comment       0x00000000       0x46 obj\debug\spl\src\misc.o
                                 0x47 (size before relaxing)
 .comment       0x00000000       0x47 obj\debug\spl\src\stm32f10x_exti.o
 .comment       0x00000000       0x47 obj\debug\spl\src\stm32f10x_gpio.o
 .comment       0x00000000       0x47 obj\debug\spl\src\stm32f10x_rcc.o
 .comment       0x00000000       0x47 obj\debug\spl\src\stm32f10x_tim.o
 .comment       0x00000000       0x47 obj\debug\src\button.o
 .comment       0x00000000       0x47 obj\debug\src\hw_config.o
 .comment       0x00000000       0x47 obj\debug\src\led.o
 .comment       0x00000000       0x47 obj\debug\src\main.o
 .comment       0x00000000       0x47 obj\debug\src\stm32_it.o
 .comment       0x00000000       0x47 obj\debug\src\system_stm32f10x.o
 .comment       0x00000000       0x47 obj\debug\src\usb_desc.o
 .comment       0x00000000       0x47 obj\debug\src\usb_endp.o
 .comment       0x00000000       0x47 obj\debug\src\usb_istr.o
 .comment       0x00000000       0x47 obj\debug\src\usb_prop.o
 .comment       0x00000000       0x47 obj\debug\src\usb_pwr.o
 .comment       0x00000000       0x47 obj\debug\usb-fs\src\usb_core.o
 .comment       0x00000000       0x47 obj\debug\usb-fs\src\usb_init.o
 .comment       0x00000000       0x47 obj\debug\usb-fs\src\usb_int.o
 .comment       0x00000000       0x47 obj\debug\usb-fs\src\usb_mem.o
 .comment       0x00000000       0x47 obj\debug\usb-fs\src\usb_regs.o
 .comment       0x00000000       0x47 obj\debug\usb-fs\src\usb_sil.o

.debug_info     0x00000000     0x8d04
 .debug_info    0x00000000      0x545 obj\debug\spl\src\misc.o
 .debug_info    0x00000545      0x349 obj\debug\spl\src\stm32f10x_exti.o
 .debug_info    0x0000088e      0x6ef obj\debug\spl\src\stm32f10x_gpio.o
 .debug_info    0x00000f7d      0x895 obj\debug\spl\src\stm32f10x_rcc.o
 .debug_info    0x00001812     0x1c60 obj\debug\spl\src\stm32f10x_tim.o
 .debug_info    0x00003472      0x349 obj\debug\src\button.o
 .debug_info    0x000037bb      0x88b obj\debug\src\hw_config.o
 .debug_info    0x00004046      0x342 obj\debug\src\led.o
 .debug_info    0x00004388      0xa17 obj\debug\src\main.o
 .debug_info    0x00004d9f       0x64 obj\debug\src\startup_stm32f10x_md.o
 .debug_info    0x00004e03      0x16f obj\debug\src\stm32_it.o
 .debug_info    0x00004f72      0x481 obj\debug\src\system_stm32f10x.o
 .debug_info    0x000053f3      0x1b1 obj\debug\src\usb_desc.o
 .debug_info    0x000055a4      0x2d3 obj\debug\src\usb_endp.o
 .debug_info    0x00005877      0x3eb obj\debug\src\usb_istr.o
 .debug_info    0x00005c62      0x973 obj\debug\src\usb_prop.o
 .debug_info    0x000065d5      0x578 obj\debug\src\usb_pwr.o
 .debug_info    0x00006b4d      0xb4d obj\debug\usb-fs\src\usb_core.o
 .debug_info    0x0000769a      0x458 obj\debug\usb-fs\src\usb_init.o
 .debug_info    0x00007af2      0x1fb obj\debug\usb-fs\src\usb_int.o
 .debug_info    0x00007ced      0x1da obj\debug\usb-fs\src\usb_mem.o
 .debug_info    0x00007ec7      0xcaf obj\debug\usb-fs\src\usb_regs.o
 .debug_info    0x00008b76      0x18e obj\debug\usb-fs\src\usb_sil.o

.debug_abbrev   0x00000000     0x1f3a
 .debug_abbrev  0x00000000      0x14a obj\debug\spl\src\misc.o
 .debug_abbrev  0x0000014a      0x156 obj\debug\spl\src\stm32f10x_exti.o
 .debug_abbrev  0x000002a0      0x1cd obj\debug\spl\src\stm32f10x_gpio.o
 .debug_abbrev  0x0000046d      0x1bf obj\debug\spl\src\stm32f10x_rcc.o
 .debug_abbrev  0x0000062c      0x1b5 obj\debug\spl\src\stm32f10x_tim.o
 .debug_abbrev  0x000007e1      0x16f obj\debug\src\button.o
 .debug_abbrev  0x00000950      0x265 obj\debug\src\hw_config.o
 .debug_abbrev  0x00000bb5      0x150 obj\debug\src\led.o
 .debug_abbrev  0x00000d05      0x223 obj\debug\src\main.o
 .debug_abbrev  0x00000f28       0x14 obj\debug\src\startup_stm32f10x_md.o
 .debug_abbrev  0x00000f3c       0x82 obj\debug\src\stm32_it.o
 .debug_abbrev  0x00000fbe      0x151 obj\debug\src\system_stm32f10x.o
 .debug_abbrev  0x0000110f       0x78 obj\debug\src\usb_desc.o
 .debug_abbrev  0x00001187      0x13b obj\debug\src\usb_endp.o
 .debug_abbrev  0x000012c2      0x146 obj\debug\src\usb_istr.o
 .debug_abbrev  0x00001408      0x1eb obj\debug\src\usb_prop.o
 .debug_abbrev  0x000015f3      0x1f5 obj\debug\src\usb_pwr.o
 .debug_abbrev  0x000017e8      0x288 obj\debug\usb-fs\src\usb_core.o
 .debug_abbrev  0x00001a70      0x123 obj\debug\usb-fs\src\usb_init.o
 .debug_abbrev  0x00001b93       0xd3 obj\debug\usb-fs\src\usb_int.o
 .debug_abbrev  0x00001c66       0xa2 obj\debug\usb-fs\src\usb_mem.o
 .debug_abbrev  0x00001d08      0x172 obj\debug\usb-fs\src\usb_regs.o
 .debug_abbrev  0x00001e7a       0xc0 obj\debug\usb-fs\src\usb_sil.o

.debug_aranges  0x00000000      0xbb8
 .debug_aranges
                0x00000000       0x40 obj\debug\spl\src\misc.o
 .debug_aranges
                0x00000040       0x58 obj\debug\spl\src\stm32f10x_exti.o
 .debug_aranges
                0x00000098       0xa8 obj\debug\spl\src\stm32f10x_gpio.o
 .debug_aranges
                0x00000140      0x118 obj\debug\spl\src\stm32f10x_rcc.o
 .debug_aranges
                0x00000258      0x2f0 obj\debug\spl\src\stm32f10x_tim.o
 .debug_aranges
                0x00000548       0x30 obj\debug\src\button.o
 .debug_aranges
                0x00000578       0x68 obj\debug\src\hw_config.o
 .debug_aranges
                0x000005e0       0x48 obj\debug\src\led.o
 .debug_aranges
                0x00000628       0x48 obj\debug\src\main.o
 .debug_aranges
                0x00000670       0x20 obj\debug\src\startup_stm32f10x_md.o
 .debug_aranges
                0x00000690       0x70 obj\debug\src\stm32_it.o
 .debug_aranges
                0x00000700       0x38 obj\debug\src\system_stm32f10x.o
 .debug_aranges
                0x00000738       0x18 obj\debug\src\usb_desc.o
 .debug_aranges
                0x00000750       0x28 obj\debug\src\usb_endp.o
 .debug_aranges
                0x00000778       0x20 obj\debug\src\usb_istr.o
 .debug_aranges
                0x00000798       0xa0 obj\debug\src\usb_prop.o
 .debug_aranges
                0x00000838       0x40 obj\debug\src\usb_pwr.o
 .debug_aranges
                0x00000878       0xb0 obj\debug\usb-fs\src\usb_core.o
 .debug_aranges
                0x00000928       0x20 obj\debug\usb-fs\src\usb_init.o
 .debug_aranges
                0x00000948       0x28 obj\debug\usb-fs\src\usb_int.o
 .debug_aranges
                0x00000970       0x28 obj\debug\usb-fs\src\usb_mem.o
 .debug_aranges
                0x00000998      0x1f0 obj\debug\usb-fs\src\usb_regs.o
 .debug_aranges
                0x00000b88       0x30 obj\debug\usb-fs\src\usb_sil.o

.debug_ranges   0x00000000      0xa48
 .debug_ranges  0x00000000       0x30 obj\debug\spl\src\misc.o
 .debug_ranges  0x00000030       0x48 obj\debug\spl\src\stm32f10x_exti.o
 .debug_ranges  0x00000078       0x98 obj\debug\spl\src\stm32f10x_gpio.o
 .debug_ranges  0x00000110      0x108 obj\debug\spl\src\stm32f10x_rcc.o
 .debug_ranges  0x00000218      0x2e0 obj\debug\spl\src\stm32f10x_tim.o
 .debug_ranges  0x000004f8       0x20 obj\debug\src\button.o
 .debug_ranges  0x00000518       0x58 obj\debug\src\hw_config.o
 .debug_ranges  0x00000570       0x38 obj\debug\src\led.o
 .debug_ranges  0x000005a8       0x38 obj\debug\src\main.o
 .debug_ranges  0x000005e0       0x60 obj\debug\src\stm32_it.o
 .debug_ranges  0x00000640       0x28 obj\debug\src\system_stm32f10x.o
 .debug_ranges  0x00000668       0x18 obj\debug\src\usb_endp.o
 .debug_ranges  0x00000680       0x10 obj\debug\src\usb_istr.o
 .debug_ranges  0x00000690       0x90 obj\debug\src\usb_prop.o
 .debug_ranges  0x00000720       0x30 obj\debug\src\usb_pwr.o
 .debug_ranges  0x00000750       0xb8 obj\debug\usb-fs\src\usb_core.o
 .debug_ranges  0x00000808       0x10 obj\debug\usb-fs\src\usb_init.o
 .debug_ranges  0x00000818       0x18 obj\debug\usb-fs\src\usb_int.o
 .debug_ranges  0x00000830       0x18 obj\debug\usb-fs\src\usb_mem.o
 .debug_ranges  0x00000848      0x1e0 obj\debug\usb-fs\src\usb_regs.o
 .debug_ranges  0x00000a28       0x20 obj\debug\usb-fs\src\usb_sil.o

.debug_macro    0x00000000    0x103e3
 .debug_macro   0x00000000      0x17d obj\debug\spl\src\misc.o
 .debug_macro   0x0000017d      0x856 obj\debug\spl\src\misc.o
 .debug_macro   0x000009d3       0x5d obj\debug\spl\src\misc.o
 .debug_macro   0x00000a30       0x3a obj\debug\spl\src\misc.o
 .debug_macro   0x00000a6a       0x16 obj\debug\spl\src\misc.o
 .debug_macro   0x00000a80       0x44 obj\debug\spl\src\misc.o
 .debug_macro   0x00000ac4      0x209 obj\debug\spl\src\misc.o
 .debug_macro   0x00000ccd       0x18 obj\debug\spl\src\misc.o
 .debug_macro   0x00000ce5      0xa36 obj\debug\spl\src\misc.o
 .debug_macro   0x0000171b     0x7eb3 obj\debug\spl\src\misc.o
 .debug_macro   0x000095ce      0x2df obj\debug\spl\src\misc.o
 .debug_macro   0x000098ad      0x144 obj\debug\spl\src\misc.o
 .debug_macro   0x000099f1      0x3cf obj\debug\spl\src\misc.o
 .debug_macro   0x00009dc0       0xc8 obj\debug\spl\src\misc.o
 .debug_macro   0x00009e88      0x17a obj\debug\spl\src\misc.o
 .debug_macro   0x0000a002       0xac obj\debug\spl\src\misc.o
 .debug_macro   0x0000a0ae      0x3ad obj\debug\spl\src\misc.o
 .debug_macro   0x0000a45b       0x9a obj\debug\spl\src\misc.o
 .debug_macro   0x0000a4f5      0x2cf obj\debug\spl\src\misc.o
 .debug_macro   0x0000a7c4      0x279 obj\debug\spl\src\misc.o
 .debug_macro   0x0000aa3d      0x2ac obj\debug\spl\src\misc.o
 .debug_macro   0x0000ace9      0x2b1 obj\debug\spl\src\misc.o
 .debug_macro   0x0000af9a       0x64 obj\debug\spl\src\misc.o
 .debug_macro   0x0000affe       0x82 obj\debug\spl\src\misc.o
 .debug_macro   0x0000b080      0x3e2 obj\debug\spl\src\misc.o
 .debug_macro   0x0000b462       0x58 obj\debug\spl\src\misc.o
 .debug_macro   0x0000b4ba      0x341 obj\debug\spl\src\misc.o
 .debug_macro   0x0000b7fb      0x2c4 obj\debug\spl\src\misc.o
 .debug_macro   0x0000babf      0x711 obj\debug\spl\src\misc.o
 .debug_macro   0x0000c1d0      0x220 obj\debug\spl\src\misc.o
 .debug_macro   0x0000c3f0       0x34 obj\debug\spl\src\misc.o
 .debug_macro   0x0000c424       0x35 obj\debug\spl\src\misc.o
 .debug_macro   0x0000c459       0x85 obj\debug\spl\src\misc.o
 .debug_macro   0x0000c4de      0x17d obj\debug\spl\src\stm32f10x_exti.o
 .debug_macro   0x0000c65b       0x94 obj\debug\spl\src\stm32f10x_exti.o
 .debug_macro   0x0000c6ef      0x1c5 obj\debug\spl\src\stm32f10x_gpio.o
 .debug_macro   0x0000c8b4      0x2a6 obj\debug\spl\src\stm32f10x_gpio.o
 .debug_macro   0x0000cb5a      0x293 obj\debug\spl\src\stm32f10x_rcc.o
 .debug_macro   0x0000cded      0x3dc obj\debug\spl\src\stm32f10x_rcc.o
 .debug_macro   0x0000d1c9      0x18f obj\debug\spl\src\stm32f10x_tim.o
 .debug_macro   0x0000d358      0x70b obj\debug\spl\src\stm32f10x_tim.o
 .debug_macro   0x0000da63      0x18c obj\debug\src\button.o
 .debug_macro   0x0000dbef      0x166 obj\debug\src\button.o
 .debug_macro   0x0000dd55       0x22 obj\debug\src\button.o
 .debug_macro   0x0000dd77       0x2e obj\debug\src\button.o
 .debug_macro   0x0000dda5      0x21d obj\debug\src\hw_config.o
 .debug_macro   0x0000dfc2       0x34 obj\debug\src\hw_config.o
 .debug_macro   0x0000dff6       0x7c obj\debug\src\hw_config.o
 .debug_macro   0x0000e072      0x454 obj\debug\src\hw_config.o
 .debug_macro   0x0000e4c6       0x28 obj\debug\src\hw_config.o
 .debug_macro   0x0000e4ee       0x5e obj\debug\src\hw_config.o
 .debug_macro   0x0000e54c       0x9a obj\debug\src\hw_config.o
 .debug_macro   0x0000e5e6      0x183 obj\debug\src\led.o
 .debug_macro   0x0000e769       0x16 obj\debug\src\led.o
 .debug_macro   0x0000e77f      0x22a obj\debug\src\main.o
 .debug_macro   0x0000e9a9      0x21f obj\debug\src\stm32_it.o
 .debug_macro   0x0000ebc8      0x17a obj\debug\src\system_stm32f10x.o
 .debug_macro   0x0000ed42      0x202 obj\debug\src\usb_desc.o
 .debug_macro   0x0000ef44      0x221 obj\debug\src\usb_endp.o
 .debug_macro   0x0000f165      0x21a obj\debug\src\usb_istr.o
 .debug_macro   0x0000f37f       0x3a obj\debug\src\usb_istr.o
 .debug_macro   0x0000f3b9      0x215 obj\debug\src\usb_prop.o
 .debug_macro   0x0000f5ce      0x203 obj\debug\src\usb_pwr.o
 .debug_macro   0x0000f7d1      0x235 obj\debug\usb-fs\src\usb_core.o
 .debug_macro   0x0000fa06      0x1f9 obj\debug\usb-fs\src\usb_init.o
 .debug_macro   0x0000fbff      0x1f9 obj\debug\usb-fs\src\usb_int.o
 .debug_macro   0x0000fdf8      0x1f9 obj\debug\usb-fs\src\usb_mem.o
 .debug_macro   0x0000fff1      0x1f9 obj\debug\usb-fs\src\usb_regs.o
 .debug_macro   0x000101ea      0x1f9 obj\debug\usb-fs\src\usb_sil.o

.debug_line     0x00000000     0x81ad
 .debug_line    0x00000000      0x44e obj\debug\spl\src\misc.o
 .debug_line    0x0000044e      0x4a4 obj\debug\spl\src\stm32f10x_exti.o
 .debug_line    0x000008f2      0x5ae obj\debug\spl\src\stm32f10x_gpio.o
 .debug_line    0x00000ea0      0x6bd obj\debug\spl\src\stm32f10x_rcc.o
 .debug_line    0x0000155d      0xc7b obj\debug\spl\src\stm32f10x_tim.o
 .debug_line    0x000021d8      0x458 obj\debug\src\button.o
 .debug_line    0x00002630      0x5d1 obj\debug\src\hw_config.o
 .debug_line    0x00002c01      0x469 obj\debug\src\led.o
 .debug_line    0x0000306a      0x58b obj\debug\src\main.o
 .debug_line    0x000035f5       0xa8 obj\debug\src\startup_stm32f10x_md.o
 .debug_line    0x0000369d      0x59c obj\debug\src\stm32_it.o
 .debug_line    0x00003c39      0x48b obj\debug\src\system_stm32f10x.o
 .debug_line    0x000040c4      0x4b5 obj\debug\src\usb_desc.o
 .debug_line    0x00004579      0x504 obj\debug\src\usb_endp.o
 .debug_line    0x00004a7d      0x53e obj\debug\src\usb_istr.o
 .debug_line    0x00004fbb      0x64b obj\debug\src\usb_prop.o
 .debug_line    0x00005606      0x591 obj\debug\src\usb_pwr.o
 .debug_line    0x00005b97      0x7d8 obj\debug\usb-fs\src\usb_core.o
 .debug_line    0x0000636f      0x4c4 obj\debug\usb-fs\src\usb_init.o
 .debug_line    0x00006833      0x5a0 obj\debug\usb-fs\src\usb_int.o
 .debug_line    0x00006dd3      0x518 obj\debug\usb-fs\src\usb_mem.o
 .debug_line    0x000072eb      0x9d8 obj\debug\usb-fs\src\usb_regs.o
 .debug_line    0x00007cc3      0x4ea obj\debug\usb-fs\src\usb_sil.o

.debug_str      0x00000000    0x54762
 .debug_str     0x00000000    0x4e209 obj\debug\spl\src\misc.o
                              0x4e37b (size before relaxing)
 .debug_str     0x0004e209      0x1d5 obj\debug\spl\src\stm32f10x_exti.o
                              0x4e2fe (size before relaxing)
 .debug_str     0x0004e3de      0x5a6 obj\debug\spl\src\stm32f10x_gpio.o
                              0x4e6ed (size before relaxing)
 .debug_str     0x0004e984      0xb41 obj\debug\spl\src\stm32f10x_rcc.o
                              0x4ecd3 (size before relaxing)
 .debug_str     0x0004f4c5      0xc05 obj\debug\spl\src\stm32f10x_tim.o
                              0x4edf1 (size before relaxing)
 .debug_str     0x000500ca      0x495 obj\debug\src\button.o
                              0x4e757 (size before relaxing)
 .debug_str     0x0005055f     0x2c93 obj\debug\src\hw_config.o
                              0x5115d (size before relaxing)
 .debug_str     0x000531f2       0x87 obj\debug\src\led.o
                              0x4e327 (size before relaxing)
 .debug_str     0x00053279       0xbd obj\debug\src\main.o
                              0x51216 (size before relaxing)
 .debug_str     0x00053336       0xeb obj\debug\src\stm32_it.o
                              0x506b1 (size before relaxing)
 .debug_str     0x00053421       0xb7 obj\debug\src\system_stm32f10x.o
                              0x4e2ae (size before relaxing)
 .debug_str     0x000534d8       0x88 obj\debug\src\usb_desc.o
                              0x508c2 (size before relaxing)
 .debug_str     0x00053560       0x4c obj\debug\src\usb_endp.o
                              0x50a8b (size before relaxing)
 .debug_str     0x000535ac      0x2aa obj\debug\src\usb_istr.o
                              0x50980 (size before relaxing)
 .debug_str     0x00053856      0x47a obj\debug\src\usb_prop.o
                              0x511af (size before relaxing)
 .debug_str     0x00053cd0       0x85 obj\debug\src\usb_pwr.o
                              0x50851 (size before relaxing)
 .debug_str     0x00053d55      0x501 obj\debug\usb-fs\src\usb_core.o
                              0x5104c (size before relaxing)
 .debug_str     0x00054256       0x31 obj\debug\usb-fs\src\usb_init.o
                              0x5098c (size before relaxing)
 .debug_str     0x00054287       0x2a obj\debug\usb-fs\src\usb_int.o
                              0x5064b (size before relaxing)
 .debug_str     0x000542b1       0x6d obj\debug\usb-fs\src\usb_mem.o
                              0x5064c (size before relaxing)
 .debug_str     0x0005431e      0x3d9 obj\debug\usb-fs\src\usb_regs.o
                              0x509d4 (size before relaxing)
 .debug_str     0x000546f7       0x6b obj\debug\usb-fs\src\usb_sil.o
                              0x5065a (size before relaxing)

.debug_frame    0x00000000     0x23b8
 .debug_frame   0x00000000       0x9c obj\debug\spl\src\misc.o
 .debug_frame   0x0000009c       0xec obj\debug\spl\src\stm32f10x_exti.o
 .debug_frame   0x00000188      0x210 obj\debug\spl\src\stm32f10x_gpio.o
 .debug_frame   0x00000398      0x388 obj\debug\spl\src\stm32f10x_rcc.o
 .debug_frame   0x00000720      0xa20 obj\debug\spl\src\stm32f10x_tim.o
 .debug_frame   0x00001140       0x6c obj\debug\src\button.o
 .debug_frame   0x000011ac      0x13c obj\debug\src\hw_config.o
 .debug_frame   0x000012e8       0xc0 obj\debug\src\led.o
 .debug_frame   0x000013a8       0xbc obj\debug\src\main.o
 .debug_frame   0x00001464      0x120 obj\debug\src\stm32_it.o
 .debug_frame   0x00001584       0x80 obj\debug\src\system_stm32f10x.o
 .debug_frame   0x00001604       0x48 obj\debug\src\usb_endp.o
 .debug_frame   0x0000164c       0x30 obj\debug\src\usb_istr.o
 .debug_frame   0x0000167c      0x1fc obj\debug\src\usb_prop.o
 .debug_frame   0x00001878       0xa8 obj\debug\src\usb_pwr.o
 .debug_frame   0x00001920      0x254 obj\debug\usb-fs\src\usb_core.o
 .debug_frame   0x00001b74       0x2c obj\debug\usb-fs\src\usb_init.o
 .debug_frame   0x00001ba0       0x50 obj\debug\usb-fs\src\usb_int.o
 .debug_frame   0x00001bf0       0x48 obj\debug\usb-fs\src\usb_mem.o
 .debug_frame   0x00001c38      0x684 obj\debug\usb-fs\src\usb_regs.o
 .debug_frame   0x000022bc       0x68 obj\debug\usb-fs\src\usb_sil.o
 .debug_frame   0x00002324       0x28 c:/program files (x86)/embitz/0.42/share/em_armgcc/bin/../lib/gcc/arm-none-eabi/4.8.4/../../../../arm-none-eabi/lib/armv7-m\libg_n.a(lib_a-exit.o)
 .debug_frame   0x0000234c       0x2c c:/program files (x86)/embitz/0.42/share/em_armgcc/bin/../lib/gcc/arm-none-eabi/4.8.4/../../../../arm-none-eabi/lib/armv7-m\libg_n.a(lib_a-init.o)
 .debug_frame   0x00002378       0x20 c:/program files (x86)/embitz/0.42/share/em_armgcc/bin/../lib/gcc/arm-none-eabi/4.8.4/../../../../arm-none-eabi/lib/armv7-m\libg_n.a(lib_a-memset.o)
 .debug_frame   0x00002398       0x20 c:/program files (x86)/embitz/0.42/share/em_armgcc/bin/../lib/gcc/arm-none-eabi/4.8.4/../../../../arm-none-eabi/lib/armv7-m\libnosys_s.a(_exit.o)
